Archive member included to satisfy reference by file (symbol)

/Applications/STM32CubeIDE.app/Contents/Eclipse/plugins/com.st.stm32cube.ide.mcu.externaltools.gnu-tools-for-stm32.12.3.rel1.macos64_1.0.100.202403111906/tools/bin/../lib/gcc/arm-none-eabi/12.3.1/../../../../arm-none-eabi/lib/thumb/v7-m/nofp/libc_nano.a(libc_a-exit.o)
                              /Applications/STM32CubeIDE.app/Contents/Eclipse/plugins/com.st.stm32cube.ide.mcu.externaltools.gnu-tools-for-stm32.12.3.rel1.macos64_1.0.100.202403111906/tools/bin/../lib/gcc/arm-none-eabi/12.3.1/../../../../arm-none-eabi/lib/thumb/v7-m/nofp/crt0.o (exit)
/Applications/STM32CubeIDE.app/Contents/Eclipse/plugins/com.st.stm32cube.ide.mcu.externaltools.gnu-tools-for-stm32.12.3.rel1.macos64_1.0.100.202403111906/tools/bin/../lib/gcc/arm-none-eabi/12.3.1/../../../../arm-none-eabi/lib/thumb/v7-m/nofp/libc_nano.a(libc_a-sprintf.o)
                              ./Core/Src/main.o (sprintf)
/Applications/STM32CubeIDE.app/Contents/Eclipse/plugins/com.st.stm32cube.ide.mcu.externaltools.gnu-tools-for-stm32.12.3.rel1.macos64_1.0.100.202403111906/tools/bin/../lib/gcc/arm-none-eabi/12.3.1/../../../../arm-none-eabi/lib/thumb/v7-m/nofp/libc_nano.a(libc_a-findfp.o)
                              /Applications/STM32CubeIDE.app/Contents/Eclipse/plugins/com.st.stm32cube.ide.mcu.externaltools.gnu-tools-for-stm32.12.3.rel1.macos64_1.0.100.202403111906/tools/bin/../lib/gcc/arm-none-eabi/12.3.1/../../../../arm-none-eabi/lib/thumb/v7-m/nofp/libc_nano.a(libc_a-exit.o) (__stdio_exit_handler)
/Applications/STM32CubeIDE.app/Contents/Eclipse/plugins/com.st.stm32cube.ide.mcu.externaltools.gnu-tools-for-stm32.12.3.rel1.macos64_1.0.100.202403111906/tools/bin/../lib/gcc/arm-none-eabi/12.3.1/../../../../arm-none-eabi/lib/thumb/v7-m/nofp/libc_nano.a(libc_a-fwalk.o)
                              /Applications/STM32CubeIDE.app/Contents/Eclipse/plugins/com.st.stm32cube.ide.mcu.externaltools.gnu-tools-for-stm32.12.3.rel1.macos64_1.0.100.202403111906/tools/bin/../lib/gcc/arm-none-eabi/12.3.1/../../../../arm-none-eabi/lib/thumb/v7-m/nofp/libc_nano.a(libc_a-findfp.o) (_fwalk_sglue)
/Applications/STM32CubeIDE.app/Contents/Eclipse/plugins/com.st.stm32cube.ide.mcu.externaltools.gnu-tools-for-stm32.12.3.rel1.macos64_1.0.100.202403111906/tools/bin/../lib/gcc/arm-none-eabi/12.3.1/../../../../arm-none-eabi/lib/thumb/v7-m/nofp/libc_nano.a(libc_a-memset.o)
                              /Applications/STM32CubeIDE.app/Contents/Eclipse/plugins/com.st.stm32cube.ide.mcu.externaltools.gnu-tools-for-stm32.12.3.rel1.macos64_1.0.100.202403111906/tools/bin/../lib/gcc/arm-none-eabi/12.3.1/../../../../arm-none-eabi/lib/thumb/v7-m/nofp/crt0.o (memset)
/Applications/STM32CubeIDE.app/Contents/Eclipse/plugins/com.st.stm32cube.ide.mcu.externaltools.gnu-tools-for-stm32.12.3.rel1.macos64_1.0.100.202403111906/tools/bin/../lib/gcc/arm-none-eabi/12.3.1/../../../../arm-none-eabi/lib/thumb/v7-m/nofp/libc_nano.a(libc_a-impure.o)
                              /Applications/STM32CubeIDE.app/Contents/Eclipse/plugins/com.st.stm32cube.ide.mcu.externaltools.gnu-tools-for-stm32.12.3.rel1.macos64_1.0.100.202403111906/tools/bin/../lib/gcc/arm-none-eabi/12.3.1/../../../../arm-none-eabi/lib/thumb/v7-m/nofp/libc_nano.a(libc_a-sprintf.o) (_impure_ptr)
/Applications/STM32CubeIDE.app/Contents/Eclipse/plugins/com.st.stm32cube.ide.mcu.externaltools.gnu-tools-for-stm32.12.3.rel1.macos64_1.0.100.202403111906/tools/bin/../lib/gcc/arm-none-eabi/12.3.1/../../../../arm-none-eabi/lib/thumb/v7-m/nofp/libc_nano.a(libc_a-errno.o)
                              ./Core/Src/syscalls.o (__errno)
/Applications/STM32CubeIDE.app/Contents/Eclipse/plugins/com.st.stm32cube.ide.mcu.externaltools.gnu-tools-for-stm32.12.3.rel1.macos64_1.0.100.202403111906/tools/bin/../lib/gcc/arm-none-eabi/12.3.1/../../../../arm-none-eabi/lib/thumb/v7-m/nofp/libc_nano.a(libc_a-init.o)
                              /Applications/STM32CubeIDE.app/Contents/Eclipse/plugins/com.st.stm32cube.ide.mcu.externaltools.gnu-tools-for-stm32.12.3.rel1.macos64_1.0.100.202403111906/tools/bin/../lib/gcc/arm-none-eabi/12.3.1/../../../../arm-none-eabi/lib/thumb/v7-m/nofp/crt0.o (__libc_init_array)
/Applications/STM32CubeIDE.app/Contents/Eclipse/plugins/com.st.stm32cube.ide.mcu.externaltools.gnu-tools-for-stm32.12.3.rel1.macos64_1.0.100.202403111906/tools/bin/../lib/gcc/arm-none-eabi/12.3.1/../../../../arm-none-eabi/lib/thumb/v7-m/nofp/libc_nano.a(libc_a-lock.o)
                              /Applications/STM32CubeIDE.app/Contents/Eclipse/plugins/com.st.stm32cube.ide.mcu.externaltools.gnu-tools-for-stm32.12.3.rel1.macos64_1.0.100.202403111906/tools/bin/../lib/gcc/arm-none-eabi/12.3.1/../../../../arm-none-eabi/lib/thumb/v7-m/nofp/libc_nano.a(libc_a-findfp.o) (__retarget_lock_init_recursive)
[...]
Memory Configuration

Name             Origin             Length             Attributes
RAM              0x20000000         0x00005000         xrw
FLASH            0x08000000         0x00010000         xr
*default*        0x00000000         0xffffffff

Linker script and memory map

LOAD /Applications/STM32CubeIDE.app/Contents/Eclipse/plugins/com.st.stm32cube.ide.mcu.externaltools.gnu-tools-for-stm32.12.3.rel1.macos64_1.0.100.202403111906/tools/bin/../lib/gcc/arm-none-eabi/12.3.1/thumb/v7-m/nofp/crti.o
LOAD /Applications/STM32CubeIDE.app/Contents/Eclipse/plugins/com.st.stm32cube.ide.mcu.externaltools.gnu-tools-for-stm32.12.3.rel1.macos64_1.0.100.202403111906/tools/bin/../lib/gcc/arm-none-eabi/12.3.1/thumb/v7-m/nofp/crtbegin.o
LOAD /Applications/STM32CubeIDE.app/Contents/Eclipse/plugins/com.st.stm32cube.ide.mcu.externaltools.gnu-tools-for-stm32.12.3.rel1.macos64_1.0.100.202403111906/tools/bin/../lib/gcc/arm-none-eabi/12.3.1/../../../../arm-none-eabi/lib/thumb/v7-m/nofp/crt0.o
LOAD ./Core/Src/gpio.o
LOAD ./Core/Src/main.o
LOAD ./Core/Src/stm32f1xx_hal_msp.o
LOAD ./Core/Src/stm32f1xx_it.o
LOAD ./Core/Src/syscalls.o
LOAD ./Core/Src/sysmem.o
LOAD ./Core/Src/system_stm32f1xx.o
LOAD ./Core/Src/usart.o
LOAD ./Core/Startup/startup_stm32f103c8tx.o
LOAD ./Drivers/STM32F1xx_HAL_Driver/Src/stm32f1xx_hal.o
LOAD ./Drivers/STM32F1xx_HAL_Driver/Src/stm32f1xx_hal_cortex.o
LOAD ./Drivers/STM32F1xx_HAL_Driver/Src/stm32f1xx_hal_dma.o
LOAD ./Drivers/STM32F1xx_HAL_Driver/Src/stm32f1xx_hal_exti.o
LOAD ./Drivers/STM32F1xx_HAL_Driver/Src/stm32f1xx_hal_flash.o
LOAD ./Drivers/STM32F1xx_HAL_Driver/Src/stm32f1xx_hal_flash_ex.o
LOAD ./Drivers/STM32F1xx_HAL_Driver/Src/stm32f1xx_hal_gpio.o
LOAD ./Drivers/STM32F1xx_HAL_Driver/Src/stm32f1xx_hal_gpio_ex.o
LOAD ./Drivers/STM32F1xx_HAL_Driver/Src/stm32f1xx_hal_pcd.o
LOAD ./Drivers/STM32F1xx_HAL_Driver/Src/stm32f1xx_hal_pcd_ex.o
LOAD ./Drivers/STM32F1xx_HAL_Driver/Src/stm32f1xx_hal_pwr.o
LOAD ./Drivers/STM32F1xx_HAL_Driver/Src/stm32f1xx_hal_rcc.o
LOAD ./Drivers/STM32F1xx_HAL_Driver/Src/stm32f1xx_hal_rcc_ex.o
LOAD ./Drivers/STM32F1xx_HAL_Driver/Src/stm32f1xx_hal_tim.o
LOAD ./Drivers/STM32F1xx_HAL_Driver/Src/stm32f1xx_hal_tim_ex.o
LOAD ./Drivers/STM32F1xx_HAL_Driver/Src/stm32f1xx_hal_uart.o
LOAD ./Drivers/STM32F1xx_HAL_Driver/Src/stm32f1xx_ll_usb.o
LOAD ./Middlewares/ST/STM32_USB_Device_Library/Class/CDC/Src/usbd_cdc.o
LOAD ./Middlewares/ST/STM32_USB_Device_Library/Core/Src/usbd_core.o
LOAD ./Middlewares/ST/STM32_USB_Device_Library/Core/Src/usbd_ctlreq.o
LOAD ./Middlewares/ST/STM32_USB_Device_Library/Core/Src/usbd_ioreq.o
LOAD ./USB_DEVICE/App/usb_device.o
LOAD ./USB_DEVICE/App/usbd_cdc_if.o
LOAD ./USB_DEVICE/App/usbd_desc.o
LOAD ./USB_DEVICE/Target/usbd_conf.o
START GROUP
LOAD /Applications/STM32CubeIDE.app/Contents/Eclipse/plugins/com.st.stm32cube.ide.mcu.externaltools.gnu-tools-for-stm32.12.3.rel1.macos64_1.0.100.202403111906/tools/bin/../lib/gcc/arm-none-eabi/12.3.1/../../../../arm-none-eabi/lib/thumb/v7-m/nofp/libc_nano.a
LOAD /Applications/STM32CubeIDE.app/Contents/Eclipse/plugins/com.st.stm32cube.ide.mcu.externaltools.gnu-tools-for-stm32.12.3.rel1.macos64_1.0.100.202403111906/tools/bin/../lib/gcc/arm-none-eabi/12.3.1/../../../../arm-none-eabi/lib/thumb/v7-m/nofp/libm.a
END GROUP
START GROUP
LOAD /Applications/STM32CubeIDE.app/Contents/Eclipse/plugins/com.st.stm32cube.ide.mcu.externaltools.gnu-tools-for-stm32.12.3.rel1.macos64_1.0.100.202403111906/tools/bin/../lib/gcc/arm-none-eabi/12.3.1/thumb/v7-m/nofp/libgcc.a
LOAD /Applications/STM32CubeIDE.app/Contents/Eclipse/plugins/com.st.stm32cube.ide.mcu.externaltools.gnu-tools-for-stm32.12.3.rel1.macos64_1.0.100.202403111906/tools/bin/../lib/gcc/arm-none-eabi/12.3.1/../../../../arm-none-eabi/lib/thumb/v7-m/nofp/libc_nano.a
END GROUP
START GROUP
LOAD /Applications/STM32CubeIDE.app/Contents/Eclipse/plugins/com.st.stm32cube.ide.mcu.externaltools.gnu-tools-for-stm32.12.3.rel1.macos64_1.0.100.202403111906/tools/bin/../lib/gcc/arm-none-eabi/12.3.1/thumb/v7-m/nofp/libgcc.a
LOAD /Applications/STM32CubeIDE.app/Contents/Eclipse/plugins/com.st.stm32cube.ide.mcu.externaltools.gnu-tools-for-stm32.12.3.rel1.macos64_1.0.100.202403111906/tools/bin/../lib/gcc/arm-none-eabi/12.3.1/../../../../arm-none-eabi/lib/thumb/v7-m/nofp/libc_nano.a
LOAD /Applications/STM32CubeIDE.app/Contents/Eclipse/plugins/com.st.stm32cube.ide.mcu.externaltools.gnu-tools-for-stm32.12.3.rel1.macos64_1.0.100.202403111906/tools/bin/../lib/gcc/arm-none-eabi/12.3.1/../../../../arm-none-eabi/lib/thumb/v7-m/nofp/libnosys.a
END GROUP
START GROUP
LOAD /Applications/STM32CubeIDE.app/Contents/Eclipse/plugins/com.st.stm32cube.ide.mcu.externaltools.gnu-tools-for-stm32.12.3.rel1.macos64_1.0.100.202403111906/tools/bin/../lib/gcc/arm-none-eabi/12.3.1/thumb/v7-m/nofp/libgcc.a
LOAD /Applications/STM32CubeIDE.app/Contents/Eclipse/plugins/com.st.stm32cube.ide.mcu.externaltools.gnu-tools-for-stm32.12.3.rel1.macos64_1.0.100.202403111906/tools/bin/../lib/gcc/arm-none-eabi/12.3.1/../../../../arm-none-eabi/lib/thumb/v7-m/nofp/libc_nano.a
LOAD /Applications/STM32CubeIDE.app/Contents/Eclipse/plugins/com.st.stm32cube.ide.mcu.externaltools.gnu-tools-for-stm32.12.3.rel1.macos64_1.0.100.202403111906/tools/bin/../lib/gcc/arm-none-eabi/12.3.1/../../../../arm-none-eabi/lib/thumb/v7-m/nofp/libnosys.a
END GROUP
LOAD /Applications/STM32CubeIDE.app/Contents/Eclipse/plugins/com.st.stm32cube.ide.mcu.externaltools.gnu-tools-for-stm32.12.3.rel1.macos64_1.0.100.202403111906/tools/bin/../lib/gcc/arm-none-eabi/12.3.1/thumb/v7-m/nofp/crtend.o
LOAD /Applications/STM32CubeIDE.app/Contents/Eclipse/plugins/com.st.stm32cube.ide.mcu.externaltools.gnu-tools-for-stm32.12.3.rel1.macos64_1.0.100.202403111906/tools/bin/../lib/gcc/arm-none-eabi/12.3.1/thumb/v7-m/nofp/crtn.o
                0x20005000                        _estack = (ORIGIN (RAM) + LENGTH (RAM))
                0x00000200                        _Min_Heap_Size = 0x200
                0x00000400                        _Min_Stack_Size = 0x400

.isr_vector     0x08000000      0x10c
                0x08000000                        . = ALIGN (0x4)
 *(.isr_vector)
 .isr_vector    0x08000000      0x10c ./Core/Startup/startup_stm32f103c8tx.o
                0x08000000                g_pfnVectors
                0x0800010c                        . = ALIGN (0x4)

.text           0x0800010c     0x8438
                0x0800010c                        . = ALIGN (0x4)
 *(.text)
 .text          0x0800010c       0x40 /Applications/STM32CubeIDE.app/Contents/Eclipse/plugins/com.st.stm32cube.ide.mcu.externaltools.gnu-tools-for-stm32.12.3.rel1.macos64_1.0.100.202403111906/tools/bin/../lib/gcc/arm-none-eabi/12.3.1/thumb/v7-m/nofp/crtbegin.o
 .text          0x0800014c       0x10 /Applications/STM32CubeIDE.app/Contents/Eclipse/plugins/com.st.stm32cube.ide.mcu.externaltools.gnu-tools-for-stm32.12.3.rel1.macos64_1.0.100.202403111906/tools/bin/../lib/gcc/arm-none-eabi/12.3.1/../../../../arm-none-eabi/lib/thumb/v7-m/nofp/libc_nano.a(libc_a-strlen.o)
                0x0800014c                strlen
 *(.text*)
 .text.MX_GPIO_Init
                0x0800015c       0x44 ./Core/Src/gpio.o
                0x0800015c                MX_GPIO_Init
 .text.read_distance
                0x080001a0       0xc0 ./Core/Src/main.o
                0x080001a0                read_distance
 .text.main     0x08000260       0x94 ./Core/Src/main.o
                0x08000260                main
 .text.SystemClock_Config
                0x080002f4       0xb4 ./Core/Src/main.o
                0x080002f4                SystemClock_Config
 .text.Error_Handler
                0x080003a8        0xc ./Core/Src/main.o
                0x080003a8                Error_Handler
 .text.HAL_MspInit
                0x080003b4       0x64 ./Core/Src/stm32f1xx_hal_msp.o
                0x080003b4                HAL_MspInit
 .text.NMI_Handler
                0x08000418        0x8 ./Core/Src/stm32f1xx_it.o
                0x08000418                NMI_Handler
 .text.HardFault_Handler
                0x08000420        0x8 ./Core/Src/stm32f1xx_it.o
                0x08000420                HardFault_Handler
 .text.MemManage_Handler
                0x08000428        0x8 ./Core/Src/stm32f1xx_it.o
                0x08000428                MemManage_Handler
 .text.BusFault_Handler
                0x08000430        0x8 ./Core/Src/stm32f1xx_it.o
                0x08000430                BusFault_Handler
 .text.UsageFault_Handler
                0x08000438        0x8 ./Core/Src/stm32f1xx_it.o
                0x08000438                UsageFault_Handler
 .text.SVC_Handler
                0x08000440        0xc ./Core/Src/stm32f1xx_it.o
                0x08000440                SVC_Handler
 .text.DebugMon_Handler
                0x0800044c        0xc ./Core/Src/stm32f1xx_it.o
                0x0800044c                DebugMon_Handler
 .text.PendSV_Handler
                0x08000458        0xc ./Core/Src/stm32f1xx_it.o
                0x08000458                PendSV_Handler
 .text.SysTick_Handler
                0x08000464        0xc ./Core/Src/stm32f1xx_it.o
                0x08000464                SysTick_Handler
 .text.USB_LP_CAN1_RX0_IRQHandler
                0x08000470       0x14 ./Core/Src/stm32f1xx_it.o
                0x08000470                USB_LP_CAN1_RX0_IRQHandler
 .text._sbrk    0x08000484       0x6c ./Core/Src/sysmem.o
                0x08000484                _sbrk
 .text.SystemInit
                0x080004f0        0xc ./Core/Src/system_stm32f1xx.o
                0x080004f0                SystemInit
 .text.MX_USART1_UART_Init
                0x080004fc       0x54 ./Core/Src/usart.o
                0x080004fc                MX_USART1_UART_Init
 .text.HAL_UART_MspInit
                0x08000550       0x98 ./Core/Src/usart.o
                0x08000550                HAL_UART_MspInit
 .text.Reset_Handler
                0x080005e8       0x48 ./Core/Startup/startup_stm32f103c8tx.o
                0x080005e8                Reset_Handler
 .text.Default_Handler
                0x08000630        0x2 ./Core/Startup/startup_stm32f103c8tx.o
                0x08000630                USBWakeUp_IRQHandler
                0x08000630                EXTI2_IRQHandler
                0x08000630                TIM1_CC_IRQHandler
                0x08000630                PVD_IRQHandler
                0x08000630                EXTI3_IRQHandler
                0x08000630                EXTI0_IRQHandler
                0x08000630                I2C2_EV_IRQHandler
                0x08000630                ADC1_2_IRQHandler
                0x08000630                SPI1_IRQHandler
                0x08000630                TAMPER_IRQHandler
                0x08000630                DMA1_Channel4_IRQHandler
                0x08000630                USART3_IRQHandler
                0x08000630                RTC_IRQHandler
                0x08000630                DMA1_Channel7_IRQHandler
                0x08000630                CAN1_RX1_IRQHandler
                0x08000630                TIM4_IRQHandler
                0x08000630                I2C1_EV_IRQHandler
                0x08000630                DMA1_Channel6_IRQHandler
                0x08000630                TIM3_IRQHandler
                0x08000630                RCC_IRQHandler
                0x08000630                TIM1_TRG_COM_IRQHandler
                0x08000630                DMA1_Channel1_IRQHandler
                0x08000630                Default_Handler
                0x08000630                EXTI15_10_IRQHandler
                0x08000630                EXTI9_5_IRQHandler
                0x08000630                SPI2_IRQHandler
                0x08000630                DMA1_Channel5_IRQHandler
                0x08000630                EXTI4_IRQHandler
                0x08000630                USB_HP_CAN1_TX_IRQHandler
                0x08000630                DMA1_Channel3_IRQHandler
                0x08000630                TIM1_UP_IRQHandler
                0x08000630                WWDG_IRQHandler
                0x08000630                TIM2_IRQHandler
                0x08000630                TIM1_BRK_IRQHandler
                0x08000630                EXTI1_IRQHandler
                0x08000630                USART2_IRQHandler
                0x08000630                I2C2_ER_IRQHandler
                0x08000630                DMA1_Channel2_IRQHandler
                0x08000630                CAN1_SCE_IRQHandler
                0x08000630                FLASH_IRQHandler
                0x08000630                USART1_IRQHandler
                0x08000630                I2C1_ER_IRQHandler
                0x08000630                RTC_Alarm_IRQHandler
 *fill*         0x08000632        0x2 
 .text.HAL_Init
                0x08000634       0x2c ./Drivers/STM32F1xx_HAL_Driver/Src/stm32f1xx_hal.o
                0x08000634                HAL_Init
 .text.HAL_InitTick
                0x08000660       0x60 ./Drivers/STM32F1xx_HAL_Driver/Src/stm32f1xx_hal.o
                0x08000660                HAL_InitTick
 .text.HAL_IncTick
                0x080006c0       0x24 ./Drivers/STM32F1xx_HAL_Driver/Src/stm32f1xx_hal.o
                0x080006c0                HAL_IncTick
 .text.HAL_GetTick
                0x080006e4       0x14 ./Drivers/STM32F1xx_HAL_Driver/Src/stm32f1xx_hal.o
                0x080006e4                HAL_GetTick
 .text.HAL_Delay
                0x080006f8       0x48 ./Drivers/STM32F1xx_HAL_Driver/Src/stm32f1xx_hal.o
                0x080006f8                HAL_Delay
 .text.__NVIC_SetPriorityGrouping
                0x08000740       0x48 ./Drivers/STM32F1xx_HAL_Driver/Src/stm32f1xx_hal_cortex.o
 .text.__NVIC_GetPriorityGrouping
                0x08000788       0x1c ./Drivers/STM32F1xx_HAL_Driver/Src/stm32f1xx_hal_cortex.o
 .text.__NVIC_EnableIRQ
                0x080007a4       0x38 ./Drivers/STM32F1xx_HAL_Driver/Src/stm32f1xx_hal_cortex.o
 .text.__NVIC_SetPriority
                0x080007dc       0x54 ./Drivers/STM32F1xx_HAL_Driver/Src/stm32f1xx_hal_cortex.o
 .text.NVIC_EncodePriority
                0x08000830       0x64 ./Drivers/STM32F1xx_HAL_Driver/Src/stm32f1xx_hal_cortex.o
 .text.SysTick_Config
                0x08000894       0x44 ./Drivers/STM32F1xx_HAL_Driver/Src/stm32f1xx_hal_cortex.o
 .text.HAL_NVIC_SetPriorityGrouping
                0x080008d8       0x16 ./Drivers/STM32F1xx_HAL_Driver/Src/stm32f1xx_hal_cortex.o
                0x080008d8                HAL_NVIC_SetPriorityGrouping
 .text.HAL_NVIC_SetPriority
                0x080008ee       0x38 ./Drivers/STM32F1xx_HAL_Driver/Src/stm32f1xx_hal_cortex.o
                0x080008ee                HAL_NVIC_SetPriority
 .text.HAL_NVIC_EnableIRQ
                0x08000926       0x1c ./Drivers/STM32F1xx_HAL_Driver/Src/stm32f1xx_hal_cortex.o
                0x08000926                HAL_NVIC_EnableIRQ
 .text.HAL_SYSTICK_Config
                0x08000942       0x18 ./Drivers/STM32F1xx_HAL_Driver/Src/stm32f1xx_hal_cortex.o
                0x08000942                HAL_SYSTICK_Config
 *fill*         0x0800095a        0x2 
 .text.HAL_GPIO_Init
                0x0800095c      0x308 ./Drivers/STM32F1xx_HAL_Driver/Src/stm32f1xx_hal_gpio.o
                0x0800095c                HAL_GPIO_Init
 .text.HAL_PCD_Init
                0x08000c64      0x1fe ./Drivers/STM32F1xx_HAL_Driver/Src/stm32f1xx_hal_pcd.o
                0x08000c64                HAL_PCD_Init
 .text.HAL_PCD_Start
                0x08000e62       0x4c ./Drivers/STM32F1xx_HAL_Driver/Src/stm32f1xx_hal_pcd.o
                0x08000e62                HAL_PCD_Start
 .text.HAL_PCD_IRQHandler
                0x08000eae      0x260 ./Drivers/STM32F1xx_HAL_Driver/Src/stm32f1xx_hal_pcd.o
                0x08000eae                HAL_PCD_IRQHandler
 .text.HAL_PCD_SetAddress
                0x0800110e       0x4a ./Drivers/STM32F1xx_HAL_Driver/Src/stm32f1xx_hal_pcd.o
                0x0800110e                HAL_PCD_SetAddress
 .text.HAL_PCD_EP_Open
                0x08001158       0xba ./Drivers/STM32F1xx_HAL_Driver/Src/stm32f1xx_hal_pcd.o
                0x08001158                HAL_PCD_EP_Open
 .text.HAL_PCD_EP_Close
                0x08001212       0x90 ./Drivers/STM32F1xx_HAL_Driver/Src/stm32f1xx_hal_pcd.o
                0x08001212                HAL_PCD_EP_Close
 .text.HAL_PCD_EP_Receive
                0x080012a2       0x62 ./Drivers/STM32F1xx_HAL_Driver/Src/stm32f1xx_hal_pcd.o
                0x080012a2                HAL_PCD_EP_Receive
 .text.HAL_PCD_EP_GetRxCount
                0x08001304       0x2e ./Drivers/STM32F1xx_HAL_Driver/Src/stm32f1xx_hal_pcd.o
                0x08001304                HAL_PCD_EP_GetRxCount
 .text.HAL_PCD_EP_Transmit
                0x08001332       0x6e ./Drivers/STM32F1xx_HAL_Driver/Src/stm32f1xx_hal_pcd.o
                0x08001332                HAL_PCD_EP_Transmit
 .text.HAL_PCD_EP_SetStall
                0x080013a0       0xc0 ./Drivers/STM32F1xx_HAL_Driver/Src/stm32f1xx_hal_pcd.o
                0x080013a0                HAL_PCD_EP_SetStall
 .text.HAL_PCD_EP_ClrStall
                0x08001460       0xa8 ./Drivers/STM32F1xx_HAL_Driver/Src/stm32f1xx_hal_pcd.o
                0x08001460                HAL_PCD_EP_ClrStall
 .text.PCD_EP_ISR_Handler
                0x08001508      0x7a4 ./Drivers/STM32F1xx_HAL_Driver/Src/stm32f1xx_hal_pcd.o
 .text.HAL_PCD_EP_DB_Receive
                0x08001cac      0x21a ./Drivers/STM32F1xx_HAL_Driver/Src/stm32f1xx_hal_pcd.o
 .text.HAL_PCD_EP_DB_Transmit
                0x08001ec6      0x7f4 ./Drivers/STM32F1xx_HAL_Driver/Src/stm32f1xx_hal_pcd.o
 .text.HAL_PCDEx_PMAConfig
                0x080026ba       0x84 ./Drivers/STM32F1xx_HAL_Driver/Src/stm32f1xx_hal_pcd_ex.o
                0x080026ba                HAL_PCDEx_PMAConfig
 *fill*         0x0800273e        0x2 
 .text.HAL_RCC_OscConfig
                0x08002740      0x504 ./Drivers/STM32F1xx_HAL_Driver/Src/stm32f1xx_hal_rcc.o
                0x08002740                HAL_RCC_OscConfig
 .text.HAL_RCC_ClockConfig
                0x08002c44      0x1d4 ./Drivers/STM32F1xx_HAL_Driver/Src/stm32f1xx_hal_rcc.o
                0x08002c44                HAL_RCC_ClockConfig
 .text.HAL_RCC_GetSysClockFreq
                0x08002e18       0xa8 ./Drivers/STM32F1xx_HAL_Driver/Src/stm32f1xx_hal_rcc.o
                0x08002e18                HAL_RCC_GetSysClockFreq
 .text.HAL_RCC_GetHCLKFreq
                0x08002ec0       0x14 ./Drivers/STM32F1xx_HAL_Driver/Src/stm32f1xx_hal_rcc.o
                0x08002ec0                HAL_RCC_GetHCLKFreq
 .text.HAL_RCC_GetPCLK1Freq
                0x08002ed4       0x28 ./Drivers/STM32F1xx_HAL_Driver/Src/stm32f1xx_hal_rcc.o
                0x08002ed4                HAL_RCC_GetPCLK1Freq
 .text.HAL_RCC_GetPCLK2Freq
                0x08002efc       0x28 ./Drivers/STM32F1xx_HAL_Driver/Src/stm32f1xx_hal_rcc.o
                0x08002efc                HAL_RCC_GetPCLK2Freq
 .text.RCC_Delay
                0x08002f24       0x3c ./Drivers/STM32F1xx_HAL_Driver/Src/stm32f1xx_hal_rcc.o
 .text.HAL_RCCEx_PeriphCLKConfig
                0x08002f60      0x16c ./Drivers/STM32F1xx_HAL_Driver/Src/stm32f1xx_hal_rcc_ex.o
                0x08002f60                HAL_RCCEx_PeriphCLKConfig
 .text.HAL_UART_Init
                0x080030cc       0xa0 ./Drivers/STM32F1xx_HAL_Driver/Src/stm32f1xx_hal_uart.o
                0x080030cc                HAL_UART_Init
 .text.HAL_UART_Receive
                0x0800316c      0x124 ./Drivers/STM32F1xx_HAL_Driver/Src/stm32f1xx_hal_uart.o
                0x0800316c                HAL_UART_Receive
 .text.UART_WaitOnFlagUntilTimeout
                0x08003290       0xdc ./Drivers/STM32F1xx_HAL_Driver/Src/stm32f1xx_hal_uart.o
 .text.UART_SetConfig
                0x0800336c      0x11c ./Drivers/STM32F1xx_HAL_Driver/Src/stm32f1xx_hal_uart.o
 .text.USB_CoreInit
                0x08003488       0x20 ./Drivers/STM32F1xx_HAL_Driver/Src/stm32f1xx_ll_usb.o
                0x08003488                USB_CoreInit
 .text.USB_EnableGlobalInt
                0x080034a8       0x2c ./Drivers/STM32F1xx_HAL_Driver/Src/stm32f1xx_ll_usb.o
                0x080034a8                USB_EnableGlobalInt
 .text.USB_DisableGlobalInt
                0x080034d4       0x34 ./Drivers/STM32F1xx_HAL_Driver/Src/stm32f1xx_ll_usb.o
                0x080034d4                USB_DisableGlobalInt
 .text.USB_SetCurrentMode
                0x08003508       0x18 ./Drivers/STM32F1xx_HAL_Driver/Src/stm32f1xx_ll_usb.o
                0x08003508                USB_SetCurrentMode
 .text.USB_DevInit
                0x08003520       0x40 ./Drivers/STM32F1xx_HAL_Driver/Src/stm32f1xx_ll_usb.o
                0x08003520                USB_DevInit
 .text.USB_ActivateEndpoint
                0x08003560      0x780 ./Drivers/STM32F1xx_HAL_Driver/Src/stm32f1xx_ll_usb.o
                0x08003560                USB_ActivateEndpoint
 .text.USB_DeactivateEndpoint
                0x08003ce0      0x3d8 ./Drivers/STM32F1xx_HAL_Driver/Src/stm32f1xx_ll_usb.o
                0x08003ce0                USB_DeactivateEndpoint
 .text.USB_EPStartXfer
                0x080040b8     0x1762 ./Drivers/STM32F1xx_HAL_Driver/Src/stm32f1xx_ll_usb.o
                0x080040b8                USB_EPStartXfer
 .text.USB_EPSetStall
                0x0800581a       0xa0 ./Drivers/STM32F1xx_HAL_Driver/Src/stm32f1xx_ll_usb.o
                0x0800581a                USB_EPSetStall
 .text.USB_EPClearStall
                0x080058ba      0x15a ./Drivers/STM32F1xx_HAL_Driver/Src/stm32f1xx_ll_usb.o
                0x080058ba                USB_EPClearStall
 .text.USB_SetDevAddress
                0x08005a14       0x26 ./Drivers/STM32F1xx_HAL_Driver/Src/stm32f1xx_ll_usb.o
                0x08005a14                USB_SetDevAddress
 .text.USB_DevConnect
                0x08005a3a       0x14 ./Drivers/STM32F1xx_HAL_Driver/Src/stm32f1xx_ll_usb.o
                0x08005a3a                USB_DevConnect
 .text.USB_DevDisconnect
                0x08005a4e       0x14 ./Drivers/STM32F1xx_HAL_Driver/Src/stm32f1xx_ll_usb.o
                0x08005a4e                USB_DevDisconnect
 .text.USB_ReadInterrupts
                0x08005a62       0x1e ./Drivers/STM32F1xx_HAL_Driver/Src/stm32f1xx_ll_usb.o
                0x08005a62                USB_ReadInterrupts
 .text.USB_EP0_OutStart
                0x08005a80       0x16 ./Drivers/STM32F1xx_HAL_Driver/Src/stm32f1xx_ll_usb.o
                0x08005a80                USB_EP0_OutStart
 .text.USB_WritePMA
                0x08005a96       0x8a ./Drivers/STM32F1xx_HAL_Driver/Src/stm32f1xx_ll_usb.o
                0x08005a96                USB_WritePMA
 .text.USB_ReadPMA
                0x08005b20       0x9e ./Drivers/STM32F1xx_HAL_Driver/Src/stm32f1xx_ll_usb.o
                0x08005b20                USB_ReadPMA
 .text.USBD_CDC_Init
                0x08005bbe       0xf4 ./Middlewares/ST/STM32_USB_Device_Library/Class/CDC/Src/usbd_cdc.o
 .text.USBD_CDC_DeInit
                0x08005cb2       0x6e ./Middlewares/ST/STM32_USB_Device_Library/Class/CDC/Src/usbd_cdc.o
 .text.USBD_CDC_Setup
                0x08005d20      0x146 ./Middlewares/ST/STM32_USB_Device_Library/Class/CDC/Src/usbd_cdc.o
 .text.USBD_CDC_DataIn
                0x08005e66       0xa6 ./Middlewares/ST/STM32_USB_Device_Library/Class/CDC/Src/usbd_cdc.o
 .text.USBD_CDC_DataOut
                0x08005f0c       0x56 ./Middlewares/ST/STM32_USB_Device_Library/Class/CDC/Src/usbd_cdc.o
 .text.USBD_CDC_EP0_RxReady
                0x08005f62       0x4e ./Middlewares/ST/STM32_USB_Device_Library/Class/CDC/Src/usbd_cdc.o
 .text.USBD_CDC_GetFSCfgDesc
                0x08005fb0       0x20 ./Middlewares/ST/STM32_USB_Device_Library/Class/CDC/Src/usbd_cdc.o
 .text.USBD_CDC_GetHSCfgDesc
                0x08005fd0       0x20 ./Middlewares/ST/STM32_USB_Device_Library/Class/CDC/Src/usbd_cdc.o
 .text.USBD_CDC_GetOtherSpeedCfgDesc
                0x08005ff0       0x20 ./Middlewares/ST/STM32_USB_Device_Library/Class/CDC/Src/usbd_cdc.o
 .text.USBD_CDC_GetDeviceQualifierDescriptor
                0x08006010       0x20 ./Middlewares/ST/STM32_USB_Device_Library/Class/CDC/Src/usbd_cdc.o
                0x08006010                USBD_CDC_GetDeviceQualifierDescriptor
 .text.USBD_CDC_RegisterInterface
                0x08006030       0x2c ./Middlewares/ST/STM32_USB_Device_Library/Class/CDC/Src/usbd_cdc.o
                0x08006030                USBD_CDC_RegisterInterface
 .text.USBD_CDC_SetTxBuffer
                0x0800605c       0x32 ./Middlewares/ST/STM32_USB_Device_Library/Class/CDC/Src/usbd_cdc.o
                0x0800605c                USBD_CDC_SetTxBuffer
 .text.USBD_CDC_SetRxBuffer
                0x0800608e       0x26 ./Middlewares/ST/STM32_USB_Device_Library/Class/CDC/Src/usbd_cdc.o
                0x0800608e                USBD_CDC_SetRxBuffer
 .text.USBD_CDC_TransmitPacket
                0x080060b4       0x5e ./Middlewares/ST/STM32_USB_Device_Library/Class/CDC/Src/usbd_cdc.o
                0x080060b4                USBD_CDC_TransmitPacket
 .text.USBD_CDC_ReceivePacket
                0x08006112       0x54 ./Middlewares/ST/STM32_USB_Device_Library/Class/CDC/Src/usbd_cdc.o
                0x08006112                USBD_CDC_ReceivePacket
 .text.USBD_Init
                0x08006166       0x56 ./Middlewares/ST/STM32_USB_Device_Library/Core/Src/usbd_core.o
                0x08006166                USBD_Init
 .text.USBD_RegisterClass
                0x080061bc       0x32 ./Middlewares/ST/STM32_USB_Device_Library/Core/Src/usbd_core.o
                0x080061bc                USBD_RegisterClass
 .text.USBD_Start
                0x080061ee       0x18 ./Middlewares/ST/STM32_USB_Device_Library/Core/Src/usbd_core.o
                0x080061ee                USBD_Start
 .text.USBD_RunTestMode
                0x08006206       0x14 ./Middlewares/ST/STM32_USB_Device_Library/Core/Src/usbd_core.o
                0x08006206                USBD_RunTestMode
 .text.USBD_SetClassConfig
                0x0800621a       0x3e ./Middlewares/ST/STM32_USB_Device_Library/Core/Src/usbd_core.o
                0x0800621a                USBD_SetClassConfig
 .text.USBD_ClrClassConfig
                0x08006258       0x26 ./Middlewares/ST/STM32_USB_Device_Library/Core/Src/usbd_core.o
                0x08006258                USBD_ClrClassConfig
 .text.USBD_LL_SetupStage
                0x0800627e       0x9a ./Middlewares/ST/STM32_USB_Device_Library/Core/Src/usbd_core.o
                0x0800627e                USBD_LL_SetupStage
 .text.USBD_LL_DataOutStage
                0x08006318       0xe2 ./Middlewares/ST/STM32_USB_Device_Library/Core/Src/usbd_core.o
                0x08006318                USBD_LL_DataOutStage
 .text.USBD_LL_DataInStage
                0x080063fa      0x14a ./Middlewares/ST/STM32_USB_Device_Library/Core/Src/usbd_core.o
                0x080063fa                USBD_LL_DataInStage
 .text.USBD_LL_Reset
                0x08006544       0x82 ./Middlewares/ST/STM32_USB_Device_Library/Core/Src/usbd_core.o
                0x08006544                USBD_LL_Reset
 .text.USBD_LL_SetSpeed
                0x080065c6       0x1e ./Middlewares/ST/STM32_USB_Device_Library/Core/Src/usbd_core.o
                0x080065c6                USBD_LL_SetSpeed
 .text.USBD_LL_Suspend
                0x080065e4       0x28 ./Middlewares/ST/STM32_USB_Device_Library/Core/Src/usbd_core.o
                0x080065e4                USBD_LL_Suspend
 .text.USBD_LL_Resume
                0x0800660c       0x2a ./Middlewares/ST/STM32_USB_Device_Library/Core/Src/usbd_core.o
                0x0800660c                USBD_LL_Resume
 .text.USBD_LL_SOF
                0x08006636       0x34 ./Middlewares/ST/STM32_USB_Device_Library/Core/Src/usbd_core.o
                0x08006636                USBD_LL_SOF
 *fill*         0x0800666a        0x2 
 .text.USBD_StdDevReq
                0x0800666c       0xd4 ./Middlewares/ST/STM32_USB_Device_Library/Core/Src/usbd_ctlreq.o
                0x0800666c                USBD_StdDevReq
 .text.USBD_StdItfReq
                0x08006740       0x90 ./Middlewares/ST/STM32_USB_Device_Library/Core/Src/usbd_ctlreq.o
                0x08006740                USBD_StdItfReq
 .text.USBD_StdEPReq
                0x080067d0      0x2c6 ./Middlewares/ST/STM32_USB_Device_Library/Core/Src/usbd_ctlreq.o
                0x080067d0                USBD_StdEPReq
 *fill*         0x08006a96        0x2 
 .text.USBD_GetDescriptor
                0x08006a98      0x2d0 ./Middlewares/ST/STM32_USB_Device_Library/Core/Src/usbd_ctlreq.o
 .text.USBD_SetAddress
                0x08006d68       0x86 ./Middlewares/ST/STM32_USB_Device_Library/Core/Src/usbd_ctlreq.o
 *fill*         0x08006dee        0x2 
 .text.USBD_SetConfig
                0x08006df0      0x11c ./Middlewares/ST/STM32_USB_Device_Library/Core/Src/usbd_ctlreq.o
 .text.USBD_GetConfig
                0x08006f0c       0x6a ./Middlewares/ST/STM32_USB_Device_Library/Core/Src/usbd_ctlreq.o
 .text.USBD_GetStatus
                0x08006f76       0x66 ./Middlewares/ST/STM32_USB_Device_Library/Core/Src/usbd_ctlreq.o
 .text.USBD_SetFeature
                0x08006fdc       0x28 ./Middlewares/ST/STM32_USB_Device_Library/Core/Src/usbd_ctlreq.o
 .text.USBD_ClrFeature
                0x08007004       0x42 ./Middlewares/ST/STM32_USB_Device_Library/Core/Src/usbd_ctlreq.o
 .text.USBD_ParseSetupRequest
                0x08007046       0x72 ./Middlewares/ST/STM32_USB_Device_Library/Core/Src/usbd_ctlreq.o
                0x08007046                USBD_ParseSetupRequest
 .text.USBD_CtlError
                0x080070b8       0x22 ./Middlewares/ST/STM32_USB_Device_Library/Core/Src/usbd_ctlreq.o
                0x080070b8                USBD_CtlError
 .text.USBD_GetString
                0x080070da       0x84 ./Middlewares/ST/STM32_USB_Device_Library/Core/Src/usbd_ctlreq.o
                0x080070da                USBD_GetString
 .text.USBD_GetLen
                0x0800715e       0x2e ./Middlewares/ST/STM32_USB_Device_Library/Core/Src/usbd_ctlreq.o
 .text.USBD_CtlSendData
                0x0800718c       0x38 ./Middlewares/ST/STM32_USB_Device_Library/Core/Src/usbd_ioreq.o
                0x0800718c                USBD_CtlSendData
 .text.USBD_CtlContinueSendData
                0x080071c4       0x24 ./Middlewares/ST/STM32_USB_Device_Library/Core/Src/usbd_ioreq.o
                0x080071c4                USBD_CtlContinueSendData
 .text.USBD_CtlPrepareRx
                0x080071e8       0x3c ./Middlewares/ST/STM32_USB_Device_Library/Core/Src/usbd_ioreq.o
                0x080071e8                USBD_CtlPrepareRx
 .text.USBD_CtlContinueRx
                0x08007224       0x24 ./Middlewares/ST/STM32_USB_Device_Library/Core/Src/usbd_ioreq.o
                0x08007224                USBD_CtlContinueRx
 .text.USBD_CtlSendStatus
                0x08007248       0x26 ./Middlewares/ST/STM32_USB_Device_Library/Core/Src/usbd_ioreq.o
                0x08007248                USBD_CtlSendStatus
 .text.USBD_CtlReceiveStatus
                0x0800726e       0x26 ./Middlewares/ST/STM32_USB_Device_Library/Core/Src/usbd_ioreq.o
                0x0800726e                USBD_CtlReceiveStatus
 .text.MX_USB_DEVICE_Init
                0x08007294       0x60 ./USB_DEVICE/App/usb_device.o
                0x08007294                MX_USB_DEVICE_Init
 .text.CDC_Init_FS
                0x080072f4       0x28 ./USB_DEVICE/App/usbd_cdc_if.o
 .text.CDC_DeInit_FS
                0x0800731c        0xe ./USB_DEVICE/App/usbd_cdc_if.o
 *fill*         0x0800732a        0x2 
 .text.CDC_Control_FS
                0x0800732c       0xbc ./USB_DEVICE/App/usbd_cdc_if.o
 .text.CDC_Receive_FS
                0x080073e8       0x28 ./USB_DEVICE/App/usbd_cdc_if.o
 .text.CDC_Transmit_FS
                0x08007410       0x4c ./USB_DEVICE/App/usbd_cdc_if.o
                0x08007410                CDC_Transmit_FS
 .text.USBD_FS_DeviceDescriptor
                0x0800745c       0x24 ./USB_DEVICE/App/usbd_desc.o
                0x0800745c                USBD_FS_DeviceDescriptor
 .text.USBD_FS_LangIDStrDescriptor
                0x08007480       0x24 ./USB_DEVICE/App/usbd_desc.o
                0x08007480                USBD_FS_LangIDStrDescriptor
 .text.USBD_FS_ProductStrDescriptor
                0x080074a4       0x3c ./USB_DEVICE/App/usbd_desc.o
                0x080074a4                USBD_FS_ProductStrDescriptor
 .text.USBD_FS_ManufacturerStrDescriptor
                0x080074e0       0x28 ./USB_DEVICE/App/usbd_desc.o
                0x080074e0                USBD_FS_ManufacturerStrDescriptor
 .text.USBD_FS_SerialStrDescriptor
                0x08007508       0x24 ./USB_DEVICE/App/usbd_desc.o
                0x08007508                USBD_FS_SerialStrDescriptor
 .text.USBD_FS_ConfigStrDescriptor
                0x0800752c       0x3c ./USB_DEVICE/App/usbd_desc.o
                0x0800752c                USBD_FS_ConfigStrDescriptor
 .text.USBD_FS_InterfaceStrDescriptor
                0x08007568       0x3c ./USB_DEVICE/App/usbd_desc.o
                0x08007568                USBD_FS_InterfaceStrDescriptor
 .text.Get_SerialNum
                0x080075a4       0x58 ./USB_DEVICE/App/usbd_desc.o
 .text.IntToUnicode
                0x080075fc       0x7c ./USB_DEVICE/App/usbd_desc.o
 .text.HAL_PCD_MspInit
                0x08007678       0x4c ./USB_DEVICE/Target/usbd_conf.o
                0x08007678                HAL_PCD_MspInit
 .text.HAL_PCD_SetupStageCallback
                0x080076c4       0x24 ./USB_DEVICE/Target/usbd_conf.o
                0x080076c4                HAL_PCD_SetupStageCallback
 .text.HAL_PCD_DataOutStageCallback
                0x080076e8       0x36 ./USB_DEVICE/Target/usbd_conf.o
                0x080076e8                HAL_PCD_DataOutStageCallback
 .text.HAL_PCD_DataInStageCallback
                0x0800771e       0x34 ./USB_DEVICE/Target/usbd_conf.o
                0x0800771e                HAL_PCD_DataInStageCallback
 .text.HAL_PCD_SOFCallback
                0x08007752       0x1c ./USB_DEVICE/Target/usbd_conf.o
                0x08007752                HAL_PCD_SOFCallback
 .text.HAL_PCD_ResetCallback
                0x0800776e       0x3c ./USB_DEVICE/Target/usbd_conf.o
                0x0800776e                HAL_PCD_ResetCallback
 *fill*         0x080077aa        0x2 
 .text.HAL_PCD_SuspendCallback
                0x080077ac       0x34 ./USB_DEVICE/Target/usbd_conf.o
                0x080077ac                HAL_PCD_SuspendCallback
 .text.HAL_PCD_ResumeCallback
                0x080077e0       0x1c ./USB_DEVICE/Target/usbd_conf.o
                0x080077e0                HAL_PCD_ResumeCallback
 .text.USBD_LL_Init
                0x080077fc       0xb4 ./USB_DEVICE/Target/usbd_conf.o
                0x080077fc                USBD_LL_Init
 .text.USBD_LL_Start
                0x080078b0       0x36 ./USB_DEVICE/Target/usbd_conf.o
                0x080078b0                USBD_LL_Start
 .text.USBD_LL_OpenEP
                0x080078e6       0x4c ./USB_DEVICE/Target/usbd_conf.o
                0x080078e6                USBD_LL_OpenEP
 .text.USBD_LL_CloseEP
                0x08007932       0x3e ./USB_DEVICE/Target/usbd_conf.o
                0x08007932                USBD_LL_CloseEP
 .text.USBD_LL_StallEP
                0x08007970       0x3e ./USB_DEVICE/Target/usbd_conf.o
                0x08007970                USBD_LL_StallEP
 .text.USBD_LL_ClearStallEP
                0x080079ae       0x3e ./USB_DEVICE/Target/usbd_conf.o
                0x080079ae                USBD_LL_ClearStallEP
 .text.USBD_LL_IsStallEP
                0x080079ec       0x58 ./USB_DEVICE/Target/usbd_conf.o
                0x080079ec                USBD_LL_IsStallEP
 .text.USBD_LL_SetUSBAddress
                0x08007a44       0x3e ./USB_DEVICE/Target/usbd_conf.o
                0x08007a44                USBD_LL_SetUSBAddress
 .text.USBD_LL_Transmit
                0x08007a82       0x46 ./USB_DEVICE/Target/usbd_conf.o
                0x08007a82                USBD_LL_Transmit
 .text.USBD_LL_PrepareReceive
                0x08007ac8       0x46 ./USB_DEVICE/Target/usbd_conf.o
                0x08007ac8                USBD_LL_PrepareReceive
 .text.USBD_LL_GetRxDataSize
                0x08007b0e       0x26 ./USB_DEVICE/Target/usbd_conf.o
                0x08007b0e                USBD_LL_GetRxDataSize
 .text.USBD_static_malloc
                0x08007b34       0x18 ./USB_DEVICE/Target/usbd_conf.o
                0x08007b34                USBD_static_malloc
 .text.USBD_static_free
                0x08007b4c       0x12 ./USB_DEVICE/Target/usbd_conf.o
                0x08007b4c                USBD_static_free
 .text.HAL_PCDEx_SetConnectionState
                0x08007b5e       0x16 ./USB_DEVICE/Target/usbd_conf.o
                0x08007b5e                HAL_PCDEx_SetConnectionState
 .text.USBD_Get_USB_Status
                0x08007b74       0x58 ./USB_DEVICE/Target/usbd_conf.o
 .text.sprintf  0x08007bcc       0x40 /Applications/STM32CubeIDE.app/Contents/Eclipse/plugins/com.st.stm32cube.ide.mcu.externaltools.gnu-tools-for-stm32.12.3.rel1.macos64_1.0.100.202403111906/tools/bin/../lib/gcc/arm-none-eabi/12.3.1/../../../../arm-none-eabi/lib/thumb/v7-m/nofp/libc_nano.a(libc_a-sprintf.o)
                0x08007bcc                sprintf
                0x08007bcc                siprintf
 .text.memset   0x08007c0c       0x10 /Applications/STM32CubeIDE.app/Contents/Eclipse/plugins/com.st.stm32cube.ide.mcu.externaltools.gnu-tools-for-stm32.12.3.rel1.macos64_1.0.100.202403111906/tools/bin/../lib/gcc/arm-none-eabi/12.3.1/../../../../arm-none-eabi/lib/thumb/v7-m/nofp/libc_nano.a(libc_a-memset.o)
                0x08007c0c                memset
 .text.__errno  0x08007c1c        0xc /Applications/STM32CubeIDE.app/Contents/Eclipse/plugins/com.st.stm32cube.ide.mcu.externaltools.gnu-tools-for-stm32.12.3.rel1.macos64_1.0.100.202403111906/tools/bin/../lib/gcc/arm-none-eabi/12.3.1/../../../../arm-none-eabi/lib/thumb/v7-m/nofp/libc_nano.a(libc_a-errno.o)
                0x08007c1c                __errno
 .text.__libc_init_array
                0x08007c28       0x48 /Applications/STM32CubeIDE.app/Contents/Eclipse/plugins/com.st.stm32cube.ide.mcu.externaltools.gnu-tools-for-stm32.12.3.rel1.macos64_1.0.100.202403111906/tools/bin/../lib/gcc/arm-none-eabi/12.3.1/../../../../arm-none-eabi/lib/thumb/v7-m/nofp/libc_nano.a(libc_a-init.o)
                0x08007c28                __libc_init_array
 .text.__retarget_lock_acquire_recursive
                0x08007c70        0x2 /Applications/STM32CubeIDE.app/Contents/Eclipse/plugins/com.st.stm32cube.ide.mcu.externaltools.gnu-tools-for-stm32.12.3.rel1.macos64_1.0.100.202403111906/tools/bin/../lib/gcc/arm-none-eabi/12.3.1/../../../../arm-none-eabi/lib/thumb/v7-m/nofp/libc_nano.a(libc_a-lock.o)
                0x08007c70                __retarget_lock_acquire_recursive
 .text.__retarget_lock_release_recursive
                0x08007c72        0x2 /Applications/STM32CubeIDE.app/Contents/Eclipse/plugins/com.st.stm32cube.ide.mcu.externaltools.gnu-tools-for-stm32.12.3.rel1.macos64_1.0.100.202403111906/tools/bin/../lib/gcc/arm-none-eabi/12.3.1/../../../../arm-none-eabi/lib/thumb/v7-m/nofp/libc_nano.a(libc_a-lock.o)
                0x08007c72                __retarget_lock_release_recursive
 .text.__ssputs_r
                0x08007c74       0xb6 /Applications/STM32CubeIDE.app/Contents/Eclipse/plugins/com.st.stm32cube.ide.mcu.externaltools.gnu-tools-for-stm32.12.3.rel1.macos64_1.0.100.202403111906/tools/bin/../lib/gcc/arm-none-eabi/12.3.1/../../../../arm-none-eabi/lib/thumb/v7-m/nofp/libc_nano.a(libc_a-nano-svfprintf.o)
                0x08007c74                __ssputs_r
 *fill*         0x08007d2a        0x2 
 .text._svfprintf_r
                0x08007d2c      0x1f8 /Applications/STM32CubeIDE.app/Contents/Eclipse/plugins/com.st.stm32cube.ide.mcu.externaltools.gnu-tools-for-stm32.12.3.rel1.macos64_1.0.100.202403111906/tools/bin/../lib/gcc/arm-none-eabi/12.3.1/../../../../arm-none-eabi/lib/thumb/v7-m/nofp/libc_nano.a(libc_a-nano-svfprintf.o)
                0x08007d2c                _svfprintf_r
                0x08007d2c                _svfiprintf_r
 .text.sbrk_aligned
                0x08007f24       0x44 /Applications/STM32CubeIDE.app/Contents/Eclipse/plugins/com.st.stm32cube.ide.mcu.externaltools.gnu-tools-for-stm32.12.3.rel1.macos64_1.0.100.202403111906/tools/bin/../lib/gcc/arm-none-eabi/12.3.1/../../../../arm-none-eabi/lib/thumb/v7-m/nofp/libc_nano.a(libc_a-mallocr.o)
 .text._malloc_r
                0x08007f68      0x100 /Applications/STM32CubeIDE.app/Contents/Eclipse/plugins/com.st.stm32cube.ide.mcu.externaltools.gnu-tools-for-stm32.12.3.rel1.macos64_1.0.100.202403111906/tools/bin/../lib/gcc/arm-none-eabi/12.3.1/../../../../arm-none-eabi/lib/thumb/v7-m/nofp/libc_nano.a(libc_a-mallocr.o)
                0x08007f68                _malloc_r
 .text._printf_common
                0x08008068       0xe4 /Applications/STM32CubeIDE.app/Contents/Eclipse/plugins/com.st.stm32cube.ide.mcu.externaltools.gnu-tools-for-stm32.12.3.rel1.macos64_1.0.100.202403111906/tools/bin/../lib/gcc/arm-none-eabi/12.3.1/../../../../arm-none-eabi/lib/thumb/v7-m/nofp/libc_nano.a(libc_a-nano-vfprintf_i.o)
                0x08008068                _printf_common
 .text._printf_i
                0x0800814c      0x240 /Applications/STM32CubeIDE.app/Contents/Eclipse/plugins/com.st.stm32cube.ide.mcu.externaltools.gnu-tools-for-stm32.12.3.rel1.macos64_1.0.100.202403111906/tools/bin/../lib/gcc/arm-none-eabi/12.3.1/../../../../arm-none-eabi/lib/thumb/v7-m/nofp/libc_nano.a(libc_a-nano-vfprintf_i.o)
                0x0800814c                _printf_i
 .text.__malloc_lock
                0x0800838c        0xc /Applications/STM32CubeIDE.app/Contents/Eclipse/plugins/com.st.stm32cube.ide.mcu.externaltools.gnu-tools-for-stm32.12.3.rel1.macos64_1.0.100.202403111906/tools/bin/../lib/gcc/arm-none-eabi/12.3.1/../../../../arm-none-eabi/lib/thumb/v7-m/nofp/libc_nano.a(libc_a-mlock.o)
                0x0800838c                __malloc_lock
 .text.__malloc_unlock
                0x08008398        0xc /Applications/STM32CubeIDE.app/Contents/Eclipse/plugins/com.st.stm32cube.ide.mcu.externaltools.gnu-tools-for-stm32.12.3.rel1.macos64_1.0.100.202403111906/tools/bin/../lib/gcc/arm-none-eabi/12.3.1/../../../../arm-none-eabi/lib/thumb/v7-m/nofp/libc_nano.a(libc_a-mlock.o)
                0x08008398                __malloc_unlock
 .text._realloc_r
                0x080083a4       0x5c /Applications/STM32CubeIDE.app/Contents/Eclipse/plugins/com.st.stm32cube.ide.mcu.externaltools.gnu-tools-for-stm32.12.3.rel1.macos64_1.0.100.202403111906/tools/bin/../lib/gcc/arm-none-eabi/12.3.1/../../../../arm-none-eabi/lib/thumb/v7-m/nofp/libc_nano.a(libc_a-reallocr.o)
                0x080083a4                _realloc_r
 .text.memmove  0x08008400       0x34 /Applications/STM32CubeIDE.app/Contents/Eclipse/plugins/com.st.stm32cube.ide.mcu.externaltools.gnu-tools-for-stm32.12.3.rel1.macos64_1.0.100.202403111906/tools/bin/../lib/gcc/arm-none-eabi/12.3.1/../../../../arm-none-eabi/lib/thumb/v7-m/nofp/libc_nano.a(libc_a-memmove.o)
                0x08008400                memmove
 .text._sbrk_r  0x08008434       0x20 /Applications/STM32CubeIDE.app/Contents/Eclipse/plugins/com.st.stm32cube.ide.mcu.externaltools.gnu-tools-for-stm32.12.3.rel1.macos64_1.0.100.202403111906/tools/bin/../lib/gcc/arm-none-eabi/12.3.1/../../../../arm-none-eabi/lib/thumb/v7-m/nofp/libc_nano.a(libc_a-sbrkr.o)
                0x08008434                _sbrk_r
 .text.memchr   0x08008454       0x1c /Applications/STM32CubeIDE.app/Contents/Eclipse/plugins/com.st.stm32cube.ide.mcu.externaltools.gnu-tools-for-stm32.12.3.rel1.macos64_1.0.100.202403111906/tools/bin/../lib/gcc/arm-none-eabi/12.3.1/../../../../arm-none-eabi/lib/thumb/v7-m/nofp/libc_nano.a(libc_a-memchr-stub.o)
                0x08008454                memchr
 .text.memcpy   0x08008470       0x1c /Applications/STM32CubeIDE.app/Contents/Eclipse/plugins/com.st.stm32cube.ide.mcu.externaltools.gnu-tools-for-stm32.12.3.rel1.macos64_1.0.100.202403111906/tools/bin/../lib/gcc/arm-none-eabi/12.3.1/../../../../arm-none-eabi/lib/thumb/v7-m/nofp/libc_nano.a(libc_a-memcpy-stub.o)
                0x08008470                memcpy
 .text._free_r  0x0800848c       0x90 /Applications/STM32CubeIDE.app/Contents/Eclipse/plugins/com.st.stm32cube.ide.mcu.externaltools.gnu-tools-for-stm32.12.3.rel1.macos64_1.0.100.202403111906/tools/bin/../lib/gcc/arm-none-eabi/12.3.1/../../../../arm-none-eabi/lib/thumb/v7-m/nofp/libc_nano.a(libc_a-freer.o)
                0x0800848c                _free_r
 .text._malloc_usable_size_r
                0x0800851c       0x10 /Applications/STM32CubeIDE.app/Contents/Eclipse/plugins/com.st.stm32cube.ide.mcu.externaltools.gnu-tools-for-stm32.12.3.rel1.macos64_1.0.100.202403111906/tools/bin/../lib/gcc/arm-none-eabi/12.3.1/../../../../arm-none-eabi/lib/thumb/v7-m/nofp/libc_nano.a(libc_a-msizer.o)
                0x0800851c                _malloc_usable_size_r
 *(.glue_7)
 .glue_7        0x0800852c        0x0 linker stubs
 *(.glue_7t)
 .glue_7t       0x0800852c        0x0 linker stubs
 *(.eh_frame)
 .eh_frame      0x0800852c        0x0 /Applications/STM32CubeIDE.app/Contents/Eclipse/plugins/com.st.stm32cube.ide.mcu.externaltools.gnu-tools-for-stm32.12.3.rel1.macos64_1.0.100.202403111906/tools/bin/../lib/gcc/arm-none-eabi/12.3.1/thumb/v7-m/nofp/crtbegin.o
 *(.init)
 .init          0x0800852c        0x4 /Applications/STM32CubeIDE.app/Contents/Eclipse/plugins/com.st.stm32cube.ide.mcu.externaltools.gnu-tools-for-stm32.12.3.rel1.macos64_1.0.100.202403111906/tools/bin/../lib/gcc/arm-none-eabi/12.3.1/thumb/v7-m/nofp/crti.o
                0x0800852c                _init
 .init          0x08008530        0x8 /Applications/STM32CubeIDE.app/Contents/Eclipse/plugins/com.st.stm32cube.ide.mcu.externaltools.gnu-tools-for-stm32.12.3.rel1.macos64_1.0.100.202403111906/tools/bin/../lib/gcc/arm-none-eabi/12.3.1/thumb/v7-m/nofp/crtn.o
 *(.fini)
 .fini          0x08008538        0x4 /Applications/STM32CubeIDE.app/Contents/Eclipse/plugins/com.st.stm32cube.ide.mcu.externaltools.gnu-tools-for-stm32.12.3.rel1.macos64_1.0.100.202403111906/tools/bin/../lib/gcc/arm-none-eabi/12.3.1/thumb/v7-m/nofp/crti.o
                0x08008538                _fini
 .fini          0x0800853c        0x8 /Applications/STM32CubeIDE.app/Contents/Eclipse/plugins/com.st.stm32cube.ide.mcu.externaltools.gnu-tools-for-stm32.12.3.rel1.macos64_1.0.100.202403111906/tools/bin/../lib/gcc/arm-none-eabi/12.3.1/thumb/v7-m/nofp/crtn.o
                0x08008544                        . = ALIGN (0x4)
                0x08008544                        _etext = .

.vfp11_veneer   0x08008544        0x0
 .vfp11_veneer  0x08008544        0x0 linker stubs

.v4_bx          0x08008544        0x0
 .v4_bx         0x08008544        0x0 linker stubs

.iplt           0x08008544        0x0
 .iplt          0x08008544        0x0 /Applications/STM32CubeIDE.app/Contents/Eclipse/plugins/com.st.stm32cube.ide.mcu.externaltools.gnu-tools-for-stm32.12.3.rel1.macos64_1.0.100.202403111906/tools/bin/../lib/gcc/arm-none-eabi/12.3.1/thumb/v7-m/nofp/crtbegin.o

.rodata         0x08008544       0xf8
                0x08008544                        . = ALIGN (0x4)
 *(.rodata)
 .rodata        0x08008544       0x4e ./Core/Src/main.o
 *fill*         0x08008592        0x2 
 .rodata        0x08008594       0x46 ./USB_DEVICE/App/usbd_desc.o
 *(.rodata*)
 *fill*         0x080085da        0x2 
 .rodata.AHBPrescTable
                0x080085dc       0x10 ./Core/Src/system_stm32f1xx.o
                0x080085dc                AHBPrescTable
 .rodata.APBPrescTable
                0x080085ec        0x8 ./Core/Src/system_stm32f1xx.o
                0x080085ec                APBPrescTable
 .rodata.aPLLMULFactorTable.1
                0x080085f4       0x10 ./Drivers/STM32F1xx_HAL_Driver/Src/stm32f1xx_hal_rcc.o
 .rodata.aPredivFactorTable.0
                0x08008604        0x2 ./Drivers/STM32F1xx_HAL_Driver/Src/stm32f1xx_hal_rcc.o
 .rodata._svfprintf_r.str1.1
                0x08008606       0x11 /Applications/STM32CubeIDE.app/Contents/Eclipse/plugins/com.st.stm32cube.ide.mcu.externaltools.gnu-tools-for-stm32.12.3.rel1.macos64_1.0.100.202403111906/tools/bin/../lib/gcc/arm-none-eabi/12.3.1/../../../../arm-none-eabi/lib/thumb/v7-m/nofp/libc_nano.a(libc_a-nano-svfprintf.o)
 .rodata._printf_i.str1.1
                0x08008617       0x22 /Applications/STM32CubeIDE.app/Contents/Eclipse/plugins/com.st.stm32cube.ide.mcu.externaltools.gnu-tools-for-stm32.12.3.rel1.macos64_1.0.100.202403111906/tools/bin/../lib/gcc/arm-none-eabi/12.3.1/../../../../arm-none-eabi/lib/thumb/v7-m/nofp/libc_nano.a(libc_a-nano-vfprintf_i.o)
                0x0800863c                        . = ALIGN (0x4)
 *fill*         0x08008639        0x3 

.ARM.extab      0x0800863c        0x0
                0x0800863c                        . = ALIGN (0x4)
 *(.ARM.extab* .gnu.linkonce.armextab.*)
                0x0800863c                        . = ALIGN (0x4)

.ARM            0x0800863c        0x8
                0x0800863c                        . = ALIGN (0x4)
                0x0800863c                        __exidx_start = .
 *(.ARM.exidx*)
 .ARM.exidx     0x0800863c        0x8 /Applications/STM32CubeIDE.app/Contents/Eclipse/plugins/com.st.stm32cube.ide.mcu.externaltools.gnu-tools-for-stm32.12.3.rel1.macos64_1.0.100.202403111906/tools/bin/../lib/gcc/arm-none-eabi/12.3.1/../../../../arm-none-eabi/lib/thumb/v7-m/nofp/libc_nano.a(libc_a-strlen.o)
                0x08008644                        __exidx_end = .
                0x08008644                        . = ALIGN (0x4)

.preinit_array  0x08008644        0x0
                0x08008644                        . = ALIGN (0x4)
                0x08008644                        PROVIDE (__preinit_array_start = .)
 *(.preinit_array*)
                0x08008644                        PROVIDE (__preinit_array_end = .)
                0x08008644                        . = ALIGN (0x4)

.init_array     0x08008644        0x4
                0x08008644                        . = ALIGN (0x4)
                0x08008644                        PROVIDE (__init_array_start = .)
 *(SORT_BY_NAME(.init_array.*))
 *(.init_array*)
 .init_array    0x08008644        0x4 /Applications/STM32CubeIDE.app/Contents/Eclipse/plugins/com.st.stm32cube.ide.mcu.externaltools.gnu-tools-for-stm32.12.3.rel1.macos64_1.0.100.202403111906/tools/bin/../lib/gcc/arm-none-eabi/12.3.1/thumb/v7-m/nofp/crtbegin.o
                0x08008648                        PROVIDE (__init_array_end = .)
                0x08008648                        . = ALIGN (0x4)

.fini_array     0x08008648        0x4
                0x08008648                        . = ALIGN (0x4)
                [!provide]                        PROVIDE (__fini_array_start = .)
 *(SORT_BY_NAME(.fini_array.*))
 *(.fini_array*)
 .fini_array    0x08008648        0x4 /Applications/STM32CubeIDE.app/Contents/Eclipse/plugins/com.st.stm32cube.ide.mcu.externaltools.gnu-tools-for-stm32.12.3.rel1.macos64_1.0.100.202403111906/tools/bin/../lib/gcc/arm-none-eabi/12.3.1/thumb/v7-m/nofp/crtbegin.o
                [!provide]                        PROVIDE (__fini_array_end = .)
                0x0800864c                        . = ALIGN (0x4)
                0x0800864c                        _sidata = LOADADDR (.data)

.rel.dyn        0x0800864c        0x0
 .rel.iplt      0x0800864c        0x0 /Applications/STM32CubeIDE.app/Contents/Eclipse/plugins/com.st.stm32cube.ide.mcu.externaltools.gnu-tools-for-stm32.12.3.rel1.macos64_1.0.100.202403111906/tools/bin/../lib/gcc/arm-none-eabi/12.3.1/thumb/v7-m/nofp/crtbegin.o

.data           0x20000000      0x1cc load address 0x0800864c
                0x20000000                        . = ALIGN (0x4)
                0x20000000                        _sdata = .
 *(.data)
 *(.data*)
 .data.SystemCoreClock
                0x20000000        0x4 ./Core/Src/system_stm32f1xx.o
                0x20000000                SystemCoreClock
 .data.uwTickPrio
                0x20000004        0x4 ./Drivers/STM32F1xx_HAL_Driver/Src/stm32f1xx_hal.o
                0x20000004                uwTickPrio
 .data.uwTickFreq
                0x20000008        0x1 ./Drivers/STM32F1xx_HAL_Driver/Src/stm32f1xx_hal.o
                0x20000008                uwTickFreq
 *fill*         0x20000009        0x3 
 .data.USBD_CDC_DeviceQualifierDesc
                0x2000000c        0xa ./Middlewares/ST/STM32_USB_Device_Library/Class/CDC/Src/usbd_cdc.o
 *fill*         0x20000016        0x2 
 .data.USBD_CDC
                0x20000018       0x38 ./Middlewares/ST/STM32_USB_Device_Library/Class/CDC/Src/usbd_cdc.o
                0x20000018                USBD_CDC
 .data.USBD_CDC_CfgHSDesc
                0x20000050       0x43 ./Middlewares/ST/STM32_USB_Device_Library/Class/CDC/Src/usbd_cdc.o
                0x20000050                USBD_CDC_CfgHSDesc
 *fill*         0x20000093        0x1 
 .data.USBD_CDC_CfgFSDesc
                0x20000094       0x43 ./Middlewares/ST/STM32_USB_Device_Library/Class/CDC/Src/usbd_cdc.o
                0x20000094                USBD_CDC_CfgFSDesc
 *fill*         0x200000d7        0x1 
 .data.USBD_CDC_OtherSpeedCfgDesc
                0x200000d8       0x43 ./Middlewares/ST/STM32_USB_Device_Library/Class/CDC/Src/usbd_cdc.o
                0x200000d8                USBD_CDC_OtherSpeedCfgDesc
 *fill*         0x2000011b        0x1 
 .data.USBD_Interface_fops_FS
                0x2000011c       0x10 ./USB_DEVICE/App/usbd_cdc_if.o
                0x2000011c                USBD_Interface_fops_FS
 .data.FS_Desc  0x2000012c       0x1c ./USB_DEVICE/App/usbd_desc.o
                0x2000012c                FS_Desc
 .data.USBD_FS_DeviceDesc
                0x20000148       0x12 ./USB_DEVICE/App/usbd_desc.o
                0x20000148                USBD_FS_DeviceDesc
 *fill*         0x2000015a        0x2 
 .data.USBD_LangIDDesc
                0x2000015c        0x4 ./USB_DEVICE/App/usbd_desc.o
                0x2000015c                USBD_LangIDDesc
 .data.USBD_StringSerial
                0x20000160       0x1a ./USB_DEVICE/App/usbd_desc.o
                0x20000160                USBD_StringSerial
 *fill*         0x2000017a        0x2 
 .data._impure_ptr
                0x2000017c        0x4 /Applications/STM32CubeIDE.app/Contents/Eclipse/plugins/com.st.stm32cube.ide.mcu.externaltools.gnu-tools-for-stm32.12.3.rel1.macos64_1.0.100.202403111906/tools/bin/../lib/gcc/arm-none-eabi/12.3.1/../../../../arm-none-eabi/lib/thumb/v7-m/nofp/libc_nano.a(libc_a-impure.o)
                0x2000017c                _impure_ptr
 .data._impure_data
                0x20000180       0x4c /Applications/STM32CubeIDE.app/Contents/Eclipse/plugins/com.st.stm32cube.ide.mcu.externaltools.gnu-tools-for-stm32.12.3.rel1.macos64_1.0.100.202403111906/tools/bin/../lib/gcc/arm-none-eabi/12.3.1/../../../../arm-none-eabi/lib/thumb/v7-m/nofp/libc_nano.a(libc_a-impure.o)
                0x20000180                _impure_data
 *(.RamFunc)
 *(.RamFunc*)
                0x200001cc                        . = ALIGN (0x4)
                0x200001cc                        _edata = .

.igot.plt       0x200001cc        0x0 load address 0x08008818
 .igot.plt      0x200001cc        0x0 /Applications/STM32CubeIDE.app/Contents/Eclipse/plugins/com.st.stm32cube.ide.mcu.externaltools.gnu-tools-for-stm32.12.3.rel1.macos64_1.0.100.202403111906/tools/bin/../lib/gcc/arm-none-eabi/12.3.1/thumb/v7-m/nofp/crtbegin.o
                0x200001cc                        . = ALIGN (0x4)

.bss            0x200001cc     0x138c load address 0x08008818
                0x200001cc                        _sbss = .
                0x200001cc                        __bss_start__ = _sbss
 *(.bss)
 .bss           0x200001cc       0x1c /Applications/STM32CubeIDE.app/Contents/Eclipse/plugins/com.st.stm32cube.ide.mcu.externaltools.gnu-tools-for-stm32.12.3.rel1.macos64_1.0.100.202403111906/tools/bin/../lib/gcc/arm-none-eabi/12.3.1/thumb/v7-m/nofp/crtbegin.o
 *(.bss*)
 .bss.__sbrk_heap_end
                0x200001e8        0x4 ./Core/Src/sysmem.o
 .bss.huart1    0x200001ec       0x48 ./Core/Src/usart.o
                0x200001ec                huart1
 .bss.uwTick    0x20000234        0x4 ./Drivers/STM32F1xx_HAL_Driver/Src/stm32f1xx_hal.o
                0x20000234                uwTick
 .bss.cfgidx.0  0x20000238        0x1 ./Middlewares/ST/STM32_USB_Device_Library/Core/Src/usbd_ctlreq.o
 *fill*         0x20000239        0x3 
 .bss.hUsbDeviceFS
                0x2000023c      0x2c4 ./USB_DEVICE/App/usb_device.o
                0x2000023c                hUsbDeviceFS
 .bss.UserRxBufferFS
                0x20000500      0x400 ./USB_DEVICE/App/usbd_cdc_if.o
                0x20000500                UserRxBufferFS
 .bss.UserTxBufferFS
                0x20000900      0x400 ./USB_DEVICE/App/usbd_cdc_if.o
                0x20000900                UserTxBufferFS
 .bss.USBD_StrDesc
                0x20000d00      0x200 ./USB_DEVICE/App/usbd_desc.o
                0x20000d00                USBD_StrDesc
 .bss.hpcd_USB_FS
                0x20000f00      0x2f0 ./USB_DEVICE/Target/usbd_conf.o
                0x20000f00                hpcd_USB_FS
 .bss.mem.0     0x200011f0      0x220 ./USB_DEVICE/Target/usbd_conf.o
 .bss.__sf      0x20001410      0x138 /Applications/STM32CubeIDE.app/Contents/Eclipse/plugins/com.st.stm32cube.ide.mcu.externaltools.gnu-tools-for-stm32.12.3.rel1.macos64_1.0.100.202403111906/tools/bin/../lib/gcc/arm-none-eabi/12.3.1/../../../../arm-none-eabi/lib/thumb/v7-m/nofp/libc_nano.a(libc_a-findfp.o)
                0x20001410                __sf
 .bss.__lock___malloc_recursive_mutex
                0x20001548        0x1 /Applications/STM32CubeIDE.app/Contents/Eclipse/plugins/com.st.stm32cube.ide.mcu.externaltools.gnu-tools-for-stm32.12.3.rel1.macos64_1.0.100.202403111906/tools/bin/../lib/gcc/arm-none-eabi/12.3.1/../../../../arm-none-eabi/lib/thumb/v7-m/nofp/libc_nano.a(libc_a-lock.o)
                0x20001548                __lock___malloc_recursive_mutex
 *fill*         0x20001549        0x3 
 .bss.__malloc_sbrk_start
                0x2000154c        0x4 /Applications/STM32CubeIDE.app/Contents/Eclipse/plugins/com.st.stm32cube.ide.mcu.externaltools.gnu-tools-for-stm32.12.3.rel1.macos64_1.0.100.202403111906/tools/bin/../lib/gcc/arm-none-eabi/12.3.1/../../../../arm-none-eabi/lib/thumb/v7-m/nofp/libc_nano.a(libc_a-mallocr.o)
                0x2000154c                __malloc_sbrk_start
 .bss.__malloc_free_list
                0x20001550        0x4 /Applications/STM32CubeIDE.app/Contents/Eclipse/plugins/com.st.stm32cube.ide.mcu.externaltools.gnu-tools-for-stm32.12.3.rel1.macos64_1.0.100.202403111906/tools/bin/../lib/gcc/arm-none-eabi/12.3.1/../../../../arm-none-eabi/lib/thumb/v7-m/nofp/libc_nano.a(libc_a-mallocr.o)
                0x20001550                __malloc_free_list
 .bss.errno     0x20001554        0x4 /Applications/STM32CubeIDE.app/Contents/Eclipse/plugins/com.st.stm32cube.ide.mcu.externaltools.gnu-tools-for-stm32.12.3.rel1.macos64_1.0.100.202403111906/tools/bin/../lib/gcc/arm-none-eabi/12.3.1/../../../../arm-none-eabi/lib/thumb/v7-m/nofp/libc_nano.a(libc_a-reent.o)
                0x20001554                errno
 *(COMMON)
                0x20001558                        . = ALIGN (0x4)
                0x20001558                        _ebss = .
                0x20001558                        __bss_end__ = _ebss

._user_heap_stack
                0x20001558      0x600 load address 0x08008818
                0x20001558                        . = ALIGN (0x8)
                [!provide]                        PROVIDE (end = .)
                0x20001558                        PROVIDE (_end = .)
                0x20001758                        . = (. + _Min_Heap_Size)
 *fill*         0x20001558      0x200 
                0x20001b58                        . = (. + _Min_Stack_Size)
 *fill*         0x20001758      0x400 
                0x20001b58                        . = ALIGN (0x8)

/DISCARD/
 libc.a(*)
 libm.a(*)
 libgcc.a(*)

.ARM.attributes
                0x00000000       0x29
 *(.ARM.attributes)
 .ARM.attributes
                0x00000000       0x1d /Applications/STM32CubeIDE.app/Contents/Eclipse/plugins/com.st.stm32cube.ide.mcu.externaltools.gnu-tools-for-stm32.12.3.rel1.macos64_1.0.100.202403111906/tools/bin/../lib/gcc/arm-none-eabi/12.3.1/thumb/v7-m/nofp/crti.o
 .ARM.attributes
                0x0000001d       0x2d /Applications/STM32CubeIDE.app/Contents/Eclipse/plugins/com.st.stm32cube.ide.mcu.externaltools.gnu-tools-for-stm32.12.3.rel1.macos64_1.0.100.202403111906/tools/bin/../lib/gcc/arm-none-eabi/12.3.1/thumb/v7-m/nofp/crtbegin.o
 .ARM.attributes
                0x0000004a       0x2d ./Core/Src/gpio.o
 .ARM.attributes
                0x00000077       0x2d ./Core/Src/main.o
 .ARM.attributes
                0x000000a4       0x2d ./Core/Src/stm32f1xx_hal_msp.o
 .ARM.attributes
                0x000000d1       0x2d ./Core/Src/stm32f1xx_it.o
 .ARM.attributes
                0x000000fe       0x2d ./Core/Src/sysmem.o
 .ARM.attributes
                0x0000012b       0x2d ./Core/Src/system_stm32f1xx.o
 .ARM.attributes
                0x00000158       0x2d ./Core/Src/usart.o
 .ARM.attributes
                0x00000185       0x21 ./Core/Startup/startup_stm32f103c8tx.o
 .ARM.attributes
                0x000001a6       0x2d ./Drivers/STM32F1xx_HAL_Driver/Src/stm32f1xx_hal.o
 .ARM.attributes
                0x000001d3       0x2d ./Drivers/STM32F1xx_HAL_Driver/Src/stm32f1xx_hal_cortex.o
 .ARM.attributes
                0x00000200       0x2d ./Drivers/STM32F1xx_HAL_Driver/Src/stm32f1xx_hal_gpio.o
 .ARM.attributes
                0x0000022d       0x2d ./Drivers/STM32F1xx_HAL_Driver/Src/stm32f1xx_hal_pcd.o
 .ARM.attributes
                0x0000025a       0x2d ./Drivers/STM32F1xx_HAL_Driver/Src/stm32f1xx_hal_pcd_ex.o
 .ARM.attributes
                0x00000287       0x2d ./Drivers/STM32F1xx_HAL_Driver/Src/stm32f1xx_hal_rcc.o
 .ARM.attributes
                0x000002b4       0x2d ./Drivers/STM32F1xx_HAL_Driver/Src/stm32f1xx_hal_rcc_ex.o
 .ARM.attributes
                0x000002e1       0x2d ./Drivers/STM32F1xx_HAL_Driver/Src/stm32f1xx_hal_uart.o
 .ARM.attributes
                0x0000030e       0x2d ./Drivers/STM32F1xx_HAL_Driver/Src/stm32f1xx_ll_usb.o
 .ARM.attributes
                0x0000033b       0x2d ./Middlewares/ST/STM32_USB_Device_Library/Class/CDC/Src/usbd_cdc.o
 .ARM.attributes
                0x00000368       0x2d ./Middlewares/ST/STM32_USB_Device_Library/Core/Src/usbd_core.o
 .ARM.attributes
                0x00000395       0x2d ./Middlewares/ST/STM32_USB_Device_Library/Core/Src/usbd_ctlreq.o
 .ARM.attributes
                0x000003c2       0x2d ./Middlewares/ST/STM32_USB_Device_Library/Core/Src/usbd_ioreq.o
 .ARM.attributes
                0x000003ef       0x2d ./USB_DEVICE/App/usb_device.o
 .ARM.attributes
                0x0000041c       0x2d ./USB_DEVICE/App/usbd_cdc_if.o
 .ARM.attributes
                0x00000449       0x2d ./USB_DEVICE/App/usbd_desc.o
 .ARM.attributes
                0x00000476       0x2d ./USB_DEVICE/Target/usbd_conf.o
 .ARM.attributes
                0x000004a3       0x2d /Applications/STM32CubeIDE.app/Contents/Eclipse/plugins/com.st.stm32cube.ide.mcu.externaltools.gnu-tools-for-stm32.12.3.rel1.macos64_1.0.100.202403111906/tools/bin/../lib/gcc/arm-none-eabi/12.3.1/../../../../arm-none-eabi/lib/thumb/v7-m/nofp/libc_nano.a(libc_a-sprintf.o)
 .ARM.attributes
                0x000004d0       0x2d /Applications/STM32CubeIDE.app/Contents/Eclipse/plugins/com.st.stm32cube.ide.mcu.externaltools.gnu-tools-for-stm32.12.3.rel1.macos64_1.0.100.202403111906/tools/bin/../lib/gcc/arm-none-eabi/12.3.1/../../../../arm-none-eabi/lib/thumb/v7-m/nofp/libc_nano.a(libc_a-findfp.o)
 .ARM.attributes
                0x000004fd       0x2d /Applications/STM32CubeIDE.app/Contents/Eclipse/plugins/com.st.stm32cube.ide.mcu.externaltools.gnu-tools-for-stm32.12.3.rel1.macos64_1.0.100.202403111906/tools/bin/../lib/gcc/arm-none-eabi/12.3.1/../../../../arm-none-eabi/lib/thumb/v7-m/nofp/libc_nano.a(libc_a-memset.o)
 .ARM.attributes
                0x0000052a       0x2d /Applications/STM32CubeIDE.app/Contents/Eclipse/plugins/com.st.stm32cube.ide.mcu.externaltools.gnu-tools-for-stm32.12.3.rel1.macos64_1.0.100.202403111906/tools/bin/../lib/gcc/arm-none-eabi/12.3.1/../../../../arm-none-eabi/lib/thumb/v7-m/nofp/libc_nano.a(libc_a-impure.o)
 .ARM.attributes
                0x00000557       0x2d /Applications/STM32CubeIDE.app/Contents/Eclipse/plugins/com.st.stm32cube.ide.mcu.externaltools.gnu-tools-for-stm32.12.3.rel1.macos64_1.0.100.202403111906/tools/bin/../lib/gcc/arm-none-eabi/12.3.1/../../../../arm-none-eabi/lib/thumb/v7-m/nofp/libc_nano.a(libc_a-errno.o)
 .ARM.attributes
                0x00000584       0x2d /Applications/STM32CubeIDE.app/Contents/Eclipse/plugins/com.st.stm32cube.ide.mcu.externaltools.gnu-tools-for-stm32.12.3.rel1.macos64_1.0.100.202403111906/tools/bin/../lib/gcc/arm-none-eabi/12.3.1/../../../../arm-none-eabi/lib/thumb/v7-m/nofp/libc_nano.a(libc_a-init.o)
 .ARM.attributes
                0x000005b1       0x2d /Applications/STM32CubeIDE.app/Contents/Eclipse/plugins/com.st.stm32cube.ide.mcu.externaltools.gnu-tools-for-stm32.12.3.rel1.macos64_1.0.100.202403111906/tools/bin/../lib/gcc/arm-none-eabi/12.3.1/../../../../arm-none-eabi/lib/thumb/v7-m/nofp/libc_nano.a(libc_a-lock.o)
 .ARM.attributes
                0x000005de       0x17 /Applications/STM32CubeIDE.app/Contents/Eclipse/plugins/com.st.stm32cube.ide.mcu.externaltools.gnu-tools-for-stm32.12.3.rel1.macos64_1.0.100.202403111906/tools/bin/../lib/gcc/arm-none-eabi/12.3.1/../../../../arm-none-eabi/lib/thumb/v7-m/nofp/libc_nano.a(libc_a-strlen.o)
 .ARM.attributes
                0x000005f5       0x2d /Applications/STM32CubeIDE.app/Contents/Eclipse/plugins/com.st.stm32cube.ide.mcu.externaltools.gnu-tools-for-stm32.12.3.rel1.macos64_1.0.100.202403111906/tools/bin/../lib/gcc/arm-none-eabi/12.3.1/../../../../arm-none-eabi/lib/thumb/v7-m/nofp/libc_nano.a(libc_a-nano-svfprintf.o)
 .ARM.attributes
                0x00000622       0x2d /Applications/STM32CubeIDE.app/Contents/Eclipse/plugins/com.st.stm32cube.ide.mcu.externaltools.gnu-tools-for-stm32.12.3.rel1.macos64_1.0.100.202403111906/tools/bin/../lib/gcc/arm-none-eabi/12.3.1/../../../../arm-none-eabi/lib/thumb/v7-m/nofp/libc_nano.a(libc_a-mallocr.o)
 .ARM.attributes
                0x0000064f       0x2d /Applications/STM32CubeIDE.app/Contents/Eclipse/plugins/com.st.stm32cube.ide.mcu.externaltools.gnu-tools-for-stm32.12.3.rel1.macos64_1.0.100.202403111906/tools/bin/../lib/gcc/arm-none-eabi/12.3.1/../../../../arm-none-eabi/lib/thumb/v7-m/nofp/libc_nano.a(libc_a-nano-vfprintf_i.o)
 .ARM.attributes
                0x0000067c       0x2d /Applications/STM32CubeIDE.app/Contents/Eclipse/plugins/com.st.stm32cube.ide.mcu.externaltools.gnu-tools-for-stm32.12.3.rel1.macos64_1.0.100.202403111906/tools/bin/../lib/gcc/arm-none-eabi/12.3.1/../../../../arm-none-eabi/lib/thumb/v7-m/nofp/libc_nano.a(libc_a-mlock.o)
 .ARM.attributes
                0x000006a9       0x2d /Applications/STM32CubeIDE.app/Contents/Eclipse/plugins/com.st.stm32cube.ide.mcu.externaltools.gnu-tools-for-stm32.12.3.rel1.macos64_1.0.100.202403111906/tools/bin/../lib/gcc/arm-none-eabi/12.3.1/../../../../arm-none-eabi/lib/thumb/v7-m/nofp/libc_nano.a(libc_a-reallocr.o)
 .ARM.attributes
                0x000006d6       0x2d /Applications/STM32CubeIDE.app/Contents/Eclipse/plugins/com.st.stm32cube.ide.mcu.externaltools.gnu-tools-for-stm32.12.3.rel1.macos64_1.0.100.202403111906/tools/bin/../lib/gcc/arm-none-eabi/12.3.1/../../../../arm-none-eabi/lib/thumb/v7-m/nofp/libc_nano.a(libc_a-memmove.o)
 .ARM.attributes
                0x00000703       0x2d /Applications/STM32CubeIDE.app/Contents/Eclipse/plugins/com.st.stm32cube.ide.mcu.externaltools.gnu-tools-for-stm32.12.3.rel1.macos64_1.0.100.202403111906/tools/bin/../lib/gcc/arm-none-eabi/12.3.1/../../../../arm-none-eabi/lib/thumb/v7-m/nofp/libc_nano.a(libc_a-reent.o)
 .ARM.attributes
                0x00000730       0x2d /Applications/STM32CubeIDE.app/Contents/Eclipse/plugins/com.st.stm32cube.ide.mcu.externaltools.gnu-tools-for-stm32.12.3.rel1.macos64_1.0.100.202403111906/tools/bin/../lib/gcc/arm-none-eabi/12.3.1/../../../../arm-none-eabi/lib/thumb/v7-m/nofp/libc_nano.a(libc_a-sbrkr.o)
 .ARM.attributes
                0x0000075d       0x2d /Applications/STM32CubeIDE.app/Contents/Eclipse/plugins/com.st.stm32cube.ide.mcu.externaltools.gnu-tools-for-stm32.12.3.rel1.macos64_1.0.100.202403111906/tools/bin/../lib/gcc/arm-none-eabi/12.3.1/../../../../arm-none-eabi/lib/thumb/v7-m/nofp/libc_nano.a(libc_a-memchr-stub.o)
 .ARM.attributes
                0x0000078a       0x2d /Applications/STM32CubeIDE.app/Contents/Eclipse/plugins/com.st.stm32cube.ide.mcu.externaltools.gnu-tools-for-stm32.12.3.rel1.macos64_1.0.100.202403111906/tools/bin/../lib/gcc/arm-none-eabi/12.3.1/../../../../arm-none-eabi/lib/thumb/v7-m/nofp/libc_nano.a(libc_a-memcpy-stub.o)
 .ARM.attributes
                0x000007b7       0x2d /Applications/STM32CubeIDE.app/Contents/Eclipse/plugins/com.st.stm32cube.ide.mcu.externaltools.gnu-tools-for-stm32.12.3.rel1.macos64_1.0.100.202403111906/tools/bin/../lib/gcc/arm-none-eabi/12.3.1/../../../../arm-none-eabi/lib/thumb/v7-m/nofp/libc_nano.a(libc_a-freer.o)
 .ARM.attributes
                0x000007e4       0x2d /Applications/STM32CubeIDE.app/Contents/Eclipse/plugins/com.st.stm32cube.ide.mcu.externaltools.gnu-tools-for-stm32.12.3.rel1.macos64_1.0.100.202403111906/tools/bin/../lib/gcc/arm-none-eabi/12.3.1/../../../../arm-none-eabi/lib/thumb/v7-m/nofp/libc_nano.a(libc_a-msizer.o)
 .ARM.attributes
                0x00000811       0x1d /Applications/STM32CubeIDE.app/Contents/Eclipse/plugins/com.st.stm32cube.ide.mcu.externaltools.gnu-tools-for-stm32.12.3.rel1.macos64_1.0.100.202403111906/tools/bin/../lib/gcc/arm-none-eabi/12.3.1/thumb/v7-m/nofp/crtn.o
OUTPUT(lidar.elf elf32-littlearm)
LOAD linker stubs
LOAD /Applications/STM32CubeIDE.app/Contents/Eclipse/plugins/com.st.stm32cube.ide.mcu.externaltools.gnu-tools-for-stm32.12.3.rel1.macos64_1.0.100.202403111906/tools/bin/../lib/gcc/arm-none-eabi/12.3.1/../../../../arm-none-eabi/lib/thumb/v7-m/nofp/libc.a
LOAD /Applications/STM32CubeIDE.app/Contents/Eclipse/plugins/com.st.stm32cube.ide.mcu.externaltools.gnu-tools-for-stm32.12.3.rel1.macos64_1.0.100.202403111906/tools/bin/../lib/gcc/arm-none-eabi/12.3.1/../../../../arm-none-eabi/lib/thumb/v7-m/nofp/libm.a
LOAD /Applications/STM32CubeIDE.app/Contents/Eclipse/plugins/com.st.stm32cube.ide.mcu.externaltools.gnu-tools-for-stm32.12.3.rel1.macos64_1.0.100.202403111906/tools/bin/../lib/gcc/arm-none-eabi/12.3.1/thumb/v7-m/nofp/libgcc.a

.debug_info     0x00000000     0xfa89
 .debug_info    0x00000000      0x169 ./Core/Src/gpio.o
 .debug_info    0x00000169      0x940 ./Core/Src/main.o
 .debug_info    0x00000aa9      0x1f1 ./Core/Src/stm32f1xx_hal_msp.o
 .debug_info    0x00000c9a      0x5f5 ./Core/Src/stm32f1xx_it.o
 .debug_info    0x0000128f      0x168 ./Core/Src/sysmem.o
 .debug_info    0x000013f7      0x222 ./Core/Src/system_stm32f1xx.o
 .debug_info    0x00001619      0x798 ./Core/Src/usart.o
 .debug_info    0x00001db1       0x30 ./Core/Startup/startup_stm32f103c8tx.o
 .debug_info    0x00001de1      0x704 ./Drivers/STM32F1xx_HAL_Driver/Src/stm32f1xx_hal.o
 .debug_info    0x000024e5      0xa87 ./Drivers/STM32F1xx_HAL_Driver/Src/stm32f1xx_hal_cortex.o
 .debug_info    0x00002f6c      0x5ab ./Drivers/STM32F1xx_HAL_Driver/Src/stm32f1xx_hal_gpio.o
 .debug_info    0x00003517     0x16cf ./Drivers/STM32F1xx_HAL_Driver/Src/stm32f1xx_hal_pcd.o
 .debug_info    0x00004be6      0x6b6 ./Drivers/STM32F1xx_HAL_Driver/Src/stm32f1xx_hal_pcd_ex.o
 .debug_info    0x0000529c      0x7d5 ./Drivers/STM32F1xx_HAL_Driver/Src/stm32f1xx_hal_rcc.o
 .debug_info    0x00005a71      0x3c0 ./Drivers/STM32F1xx_HAL_Driver/Src/stm32f1xx_hal_rcc_ex.o
 .debug_info    0x00005e31     0x2fa8 ./Drivers/STM32F1xx_HAL_Driver/Src/stm32f1xx_hal_uart.o
 .debug_info    0x00008dd9     0x17a2 ./Drivers/STM32F1xx_HAL_Driver/Src/stm32f1xx_ll_usb.o
 .debug_info    0x0000a57b     0x1036 ./Middlewares/ST/STM32_USB_Device_Library/Class/CDC/Src/usbd_cdc.o
 .debug_info    0x0000b5b1      0xa52 ./Middlewares/ST/STM32_USB_Device_Library/Core/Src/usbd_core.o
 .debug_info    0x0000c003      0x91c ./Middlewares/ST/STM32_USB_Device_Library/Core/Src/usbd_ctlreq.o
 .debug_info    0x0000c91f      0x6a0 ./Middlewares/ST/STM32_USB_Device_Library/Core/Src/usbd_ioreq.o
 .debug_info    0x0000cfbf      0x63d ./USB_DEVICE/App/usb_device.o
 .debug_info    0x0000d5fc      0x7ec ./USB_DEVICE/App/usbd_cdc_if.o
 .debug_info    0x0000dde8      0x44a ./USB_DEVICE/App/usbd_desc.o
 .debug_info    0x0000e232     0x1857 ./USB_DEVICE/Target/usbd_conf.o

.debug_abbrev   0x00000000     0x2fee
 .debug_abbrev  0x00000000       0xc6 ./Core/Src/gpio.o
 .debug_abbrev  0x000000c6      0x26a ./Core/Src/main.o
 .debug_abbrev  0x00000330       0xdb ./Core/Src/stm32f1xx_hal_msp.o
 .debug_abbrev  0x0000040b      0x192 ./Core/Src/stm32f1xx_it.o
 .debug_abbrev  0x0000059d       0xbc ./Core/Src/sysmem.o
 .debug_abbrev  0x00000659      0x13f ./Core/Src/system_stm32f1xx.o
 .debug_abbrev  0x00000798      0x1e6 ./Core/Src/usart.o
 .debug_abbrev  0x0000097e       0x24 ./Core/Startup/startup_stm32f103c8tx.o
 .debug_abbrev  0x000009a2      0x201 ./Drivers/STM32F1xx_HAL_Driver/Src/stm32f1xx_hal.o
 .debug_abbrev  0x00000ba3      0x2f8 ./Drivers/STM32F1xx_HAL_Driver/Src/stm32f1xx_hal_cortex.o
 .debug_abbrev  0x00000e9b      0x1ca ./Drivers/STM32F1xx_HAL_Driver/Src/stm32f1xx_hal_gpio.o
 .debug_abbrev  0x00001065      0x2d6 ./Drivers/STM32F1xx_HAL_Driver/Src/stm32f1xx_hal_pcd.o
 .debug_abbrev  0x0000133b      0x189 ./Drivers/STM32F1xx_HAL_Driver/Src/stm32f1xx_hal_pcd_ex.o
 .debug_abbrev  0x000014c4      0x2b3 ./Drivers/STM32F1xx_HAL_Driver/Src/stm32f1xx_hal_rcc.o
 .debug_abbrev  0x00001777      0x188 ./Drivers/STM32F1xx_HAL_Driver/Src/stm32f1xx_hal_rcc_ex.o
 .debug_abbrev  0x000018ff      0x2f8 ./Drivers/STM32F1xx_HAL_Driver/Src/stm32f1xx_hal_uart.o
 .debug_abbrev  0x00001bf7      0x1de ./Drivers/STM32F1xx_HAL_Driver/Src/stm32f1xx_ll_usb.o
 .debug_abbrev  0x00001dd5      0x2d3 ./Middlewares/ST/STM32_USB_Device_Library/Class/CDC/Src/usbd_cdc.o
 .debug_abbrev  0x000020a8      0x24a ./Middlewares/ST/STM32_USB_Device_Library/Core/Src/usbd_core.o
 .debug_abbrev  0x000022f2      0x26b ./Middlewares/ST/STM32_USB_Device_Library/Core/Src/usbd_ctlreq.o
 .debug_abbrev  0x0000255d      0x192 ./Middlewares/ST/STM32_USB_Device_Library/Core/Src/usbd_ioreq.o
 .debug_abbrev  0x000026ef      0x18d ./USB_DEVICE/App/usb_device.o
 .debug_abbrev  0x0000287c      0x25d ./USB_DEVICE/App/usbd_cdc_if.o
 .debug_abbrev  0x00002ad9      0x1ff ./USB_DEVICE/App/usbd_desc.o
 .debug_abbrev  0x00002cd8      0x316 ./USB_DEVICE/Target/usbd_conf.o

.debug_aranges  0x00000000      0xce8
 .debug_aranges
                0x00000000       0x20 ./Core/Src/gpio.o
 .debug_aranges
                0x00000020       0x38 ./Core/Src/main.o
 .debug_aranges
                0x00000058       0x20 ./Core/Src/stm32f1xx_hal_msp.o
 .debug_aranges
                0x00000078       0x68 ./Core/Src/stm32f1xx_it.o
 .debug_aranges
                0x000000e0       0x20 ./Core/Src/sysmem.o
 .debug_aranges
                0x00000100       0x28 ./Core/Src/system_stm32f1xx.o
 .debug_aranges
                0x00000128       0x30 ./Core/Src/usart.o
 .debug_aranges
                0x00000158       0x28 ./Core/Startup/startup_stm32f103c8tx.o
 .debug_aranges
                0x00000180       0xe0 ./Drivers/STM32F1xx_HAL_Driver/Src/stm32f1xx_hal.o
 .debug_aranges
                0x00000260      0x100 ./Drivers/STM32F1xx_HAL_Driver/Src/stm32f1xx_hal_cortex.o
 .debug_aranges
                0x00000360       0x58 ./Drivers/STM32F1xx_HAL_Driver/Src/stm32f1xx_hal_gpio.o
 .debug_aranges
                0x000003b8      0x140 ./Drivers/STM32F1xx_HAL_Driver/Src/stm32f1xx_hal_pcd.o
 .debug_aranges
                0x000004f8       0x38 ./Drivers/STM32F1xx_HAL_Driver/Src/stm32f1xx_hal_pcd_ex.o
 .debug_aranges
                0x00000530       0x90 ./Drivers/STM32F1xx_HAL_Driver/Src/stm32f1xx_hal_rcc.o
 .debug_aranges
                0x000005c0       0x30 ./Drivers/STM32F1xx_HAL_Driver/Src/stm32f1xx_hal_rcc_ex.o
 .debug_aranges
                0x000005f0      0x208 ./Drivers/STM32F1xx_HAL_Driver/Src/stm32f1xx_hal_uart.o
 .debug_aranges
                0x000007f8       0xf8 ./Drivers/STM32F1xx_HAL_Driver/Src/stm32f1xx_ll_usb.o
 .debug_aranges
                0x000008f0       0x90 ./Middlewares/ST/STM32_USB_Device_Library/Class/CDC/Src/usbd_cdc.o
 .debug_aranges
                0x00000980       0xb8 ./Middlewares/ST/STM32_USB_Device_Library/Core/Src/usbd_core.o
 .debug_aranges
                0x00000a38       0x88 ./Middlewares/ST/STM32_USB_Device_Library/Core/Src/usbd_ctlreq.o
 .debug_aranges
                0x00000ac0       0x50 ./Middlewares/ST/STM32_USB_Device_Library/Core/Src/usbd_ioreq.o
 .debug_aranges
                0x00000b10       0x20 ./USB_DEVICE/App/usb_device.o
 .debug_aranges
                0x00000b30       0x40 ./USB_DEVICE/App/usbd_cdc_if.o
 .debug_aranges
                0x00000b70       0x60 ./USB_DEVICE/App/usbd_desc.o
 .debug_aranges
                0x00000bd0      0x118 ./USB_DEVICE/Target/usbd_conf.o

.debug_rnglists
                0x00000000      0x99c
 .debug_rnglists
                0x00000000       0x13 ./Core/Src/gpio.o
 .debug_rnglists
                0x00000013       0x28 ./Core/Src/main.o
 .debug_rnglists
                0x0000003b       0x13 ./Core/Src/stm32f1xx_hal_msp.o
 .debug_rnglists
                0x0000004e       0x49 ./Core/Src/stm32f1xx_it.o
 .debug_rnglists
                0x00000097       0x13 ./Core/Src/sysmem.o
 .debug_rnglists
                0x000000aa       0x1a ./Core/Src/system_stm32f1xx.o
 .debug_rnglists
                0x000000c4       0x20 ./Core/Src/usart.o
 .debug_rnglists
                0x000000e4       0x19 ./Core/Startup/startup_stm32f103c8tx.o
 .debug_rnglists
                0x000000fd       0xa3 ./Drivers/STM32F1xx_HAL_Driver/Src/stm32f1xx_hal.o
 .debug_rnglists
                0x000001a0       0xbb ./Drivers/STM32F1xx_HAL_Driver/Src/stm32f1xx_hal_cortex.o
 .debug_rnglists
                0x0000025b       0x3f ./Drivers/STM32F1xx_HAL_Driver/Src/stm32f1xx_hal_gpio.o
 .debug_rnglists
                0x0000029a       0xf4 ./Drivers/STM32F1xx_HAL_Driver/Src/stm32f1xx_hal_pcd.o
 .debug_rnglists
                0x0000038e       0x26 ./Drivers/STM32F1xx_HAL_Driver/Src/stm32f1xx_hal_pcd_ex.o
 .debug_rnglists
                0x000003b4       0x6c ./Drivers/STM32F1xx_HAL_Driver/Src/stm32f1xx_hal_rcc.o
 .debug_rnglists
                0x00000420       0x21 ./Drivers/STM32F1xx_HAL_Driver/Src/stm32f1xx_hal_rcc_ex.o
 .debug_rnglists
                0x00000441      0x1bc ./Drivers/STM32F1xx_HAL_Driver/Src/stm32f1xx_hal_uart.o
 .debug_rnglists
                0x000005fd       0xbd ./Drivers/STM32F1xx_HAL_Driver/Src/stm32f1xx_ll_usb.o
 .debug_rnglists
                0x000006ba       0x6a ./Middlewares/ST/STM32_USB_Device_Library/Class/CDC/Src/usbd_cdc.o
 .debug_rnglists
                0x00000724       0x89 ./Middlewares/ST/STM32_USB_Device_Library/Core/Src/usbd_core.o
 .debug_rnglists
                0x000007ad       0x68 ./Middlewares/ST/STM32_USB_Device_Library/Core/Src/usbd_ctlreq.o
 .debug_rnglists
                0x00000815       0x37 ./Middlewares/ST/STM32_USB_Device_Library/Core/Src/usbd_ioreq.o
 .debug_rnglists
                0x0000084c       0x13 ./USB_DEVICE/App/usb_device.o
 .debug_rnglists
                0x0000085f       0x2c ./USB_DEVICE/App/usbd_cdc_if.o
 .debug_rnglists
                0x0000088b       0x43 ./USB_DEVICE/App/usbd_desc.o
 .debug_rnglists
                0x000008ce       0xce ./USB_DEVICE/Target/usbd_conf.o

.debug_macro    0x00000000    0x19c59
 .debug_macro   0x00000000      0x1c6 ./Core/Src/gpio.o
 .debug_macro   0x000001c6      0xaa8 ./Core/Src/gpio.o
 .debug_macro   0x00000c6e      0x21b ./Core/Src/gpio.o
 .debug_macro   0x00000e89       0x2e ./Core/Src/gpio.o
 .debug_macro   0x00000eb7       0x22 ./Core/Src/gpio.o
 .debug_macro   0x00000ed9       0x22 ./Core/Src/gpio.o
 .debug_macro   0x00000efb       0x8e ./Core/Src/gpio.o
 .debug_macro   0x00000f89       0x51 ./Core/Src/gpio.o
 .debug_macro   0x00000fda      0x103 ./Core/Src/gpio.o
 .debug_macro   0x000010dd       0x6a ./Core/Src/gpio.o
 .debug_macro   0x00001147      0x1df ./Core/Src/gpio.o
 .debug_macro   0x00001326       0x1c ./Core/Src/gpio.o
 .debug_macro   0x00001342       0x22 ./Core/Src/gpio.o
 .debug_macro   0x00001364       0xbd ./Core/Src/gpio.o
 .debug_macro   0x00001421      0xd23 ./Core/Src/gpio.o
 .debug_macro   0x00002144     0xe09e ./Core/Src/gpio.o
 .debug_macro   0x000101e2       0x6d ./Core/Src/gpio.o
 .debug_macro   0x0001024f     0x348d ./Core/Src/gpio.o
 .debug_macro   0x000136dc      0x189 ./Core/Src/gpio.o
 .debug_macro   0x00013865       0x5c ./Core/Src/gpio.o
 .debug_macro   0x000138c1      0x5bc ./Core/Src/gpio.o
 .debug_macro   0x00013e7d      0x289 ./Core/Src/gpio.o
 .debug_macro   0x00014106      0x1cb ./Core/Src/gpio.o
 .debug_macro   0x000142d1      0x114 ./Core/Src/gpio.o
 .debug_macro   0x000143e5      0x1b2 ./Core/Src/gpio.o
 .debug_macro   0x00014597       0x27 ./Core/Src/gpio.o
 .debug_macro   0x000145be      0x136 ./Core/Src/gpio.o
 .debug_macro   0x000146f4      0x1bc ./Core/Src/gpio.o
 .debug_macro   0x000148b0       0x34 ./Core/Src/gpio.o
 .debug_macro   0x000148e4       0x3c ./Core/Src/gpio.o
 .debug_macro   0x00014920       0x57 ./Core/Src/gpio.o
 .debug_macro   0x00014977       0x87 ./Core/Src/gpio.o
 .debug_macro   0x000149fe      0x240 ./Core/Src/gpio.o
 .debug_macro   0x00014c3e      0x140 ./Core/Src/gpio.o
 .debug_macro   0x00014d7e      0x28e ./Core/Src/gpio.o
 .debug_macro   0x0001500c       0xab ./Core/Src/gpio.o
 .debug_macro   0x000150b7      0x242 ./Core/Src/gpio.o
 .debug_macro   0x000152f9       0x83 ./Core/Src/gpio.o
 .debug_macro   0x0001537c      0x382 ./Core/Src/main.o
 .debug_macro   0x000156fe       0x61 ./Core/Src/main.o
 .debug_macro   0x0001575f       0x24 ./Core/Src/main.o
 .debug_macro   0x00015783       0x43 ./Core/Src/main.o
 .debug_macro   0x000157c6       0x34 ./Core/Src/main.o
 .debug_macro   0x000157fa       0x16 ./Core/Src/main.o
 .debug_macro   0x00015810       0x35 ./Core/Src/main.o
 .debug_macro   0x00015845      0x369 ./Core/Src/main.o
 .debug_macro   0x00015bae       0x10 ./Core/Src/main.o
 .debug_macro   0x00015bbe       0x16 ./Core/Src/main.o
 .debug_macro   0x00015bd4       0x43 ./Core/Src/main.o
 .debug_macro   0x00015c17       0x34 ./Core/Src/main.o
 .debug_macro   0x00015c4b       0x10 ./Core/Src/main.o
 .debug_macro   0x00015c5b       0x58 ./Core/Src/main.o
 .debug_macro   0x00015cb3       0x8e ./Core/Src/main.o
 .debug_macro   0x00015d41       0x1c ./Core/Src/main.o
 .debug_macro   0x00015d5d      0x177 ./Core/Src/main.o
 .debug_macro   0x00015ed4       0x16 ./Core/Src/main.o
 .debug_macro   0x00015eea       0x16 ./Core/Src/main.o
 .debug_macro   0x00015f00      0x146 ./Core/Src/main.o
 .debug_macro   0x00016046       0x16 ./Core/Src/main.o
 .debug_macro   0x0001605c       0x16 ./Core/Src/main.o
 .debug_macro   0x00016072       0x29 ./Core/Src/main.o
 .debug_macro   0x0001609b       0x16 ./Core/Src/main.o
 .debug_macro   0x000160b1       0x20 ./Core/Src/main.o
 .debug_macro   0x000160d1       0x5f ./Core/Src/main.o
 .debug_macro   0x00016130      0x1c8 ./Core/Src/main.o
 .debug_macro   0x000162f8       0x8f ./Core/Src/main.o
 .debug_macro   0x00016387       0x10 ./Core/Src/main.o
 .debug_macro   0x00016397      0x1bc ./Core/Src/stm32f1xx_hal_msp.o
 .debug_macro   0x00016553      0x1c6 ./Core/Src/stm32f1xx_it.o
 .debug_macro   0x00016719       0xff ./Core/Src/sysmem.o
 .debug_macro   0x00016818      0x23c ./Core/Src/sysmem.o
 .debug_macro   0x00016a54      0x1b2 ./Core/Src/system_stm32f1xx.o
 .debug_macro   0x00016c06      0x1c6 ./Core/Src/usart.o
 .debug_macro   0x00016dcc      0x1d6 ./Drivers/STM32F1xx_HAL_Driver/Src/stm32f1xx_hal.o
 .debug_macro   0x00016fa2      0x1b2 ./Drivers/STM32F1xx_HAL_Driver/Src/stm32f1xx_hal_cortex.o
 .debug_macro   0x00017154      0x21d ./Drivers/STM32F1xx_HAL_Driver/Src/stm32f1xx_hal_gpio.o
 .debug_macro   0x00017371      0x1be ./Drivers/STM32F1xx_HAL_Driver/Src/stm32f1xx_hal_pcd.o
 .debug_macro   0x0001752f      0x1b2 ./Drivers/STM32F1xx_HAL_Driver/Src/stm32f1xx_hal_pcd_ex.o
 .debug_macro   0x000176e1      0x1c4 ./Drivers/STM32F1xx_HAL_Driver/Src/stm32f1xx_hal_rcc.o
 .debug_macro   0x000178a5      0x1b2 ./Drivers/STM32F1xx_HAL_Driver/Src/stm32f1xx_hal_rcc_ex.o
 .debug_macro   0x00017a57      0x1b3 ./Drivers/STM32F1xx_HAL_Driver/Src/stm32f1xx_hal_uart.o
 .debug_macro   0x00017c0a      0x1b2 ./Drivers/STM32F1xx_HAL_Driver/Src/stm32f1xx_ll_usb.o
 .debug_macro   0x00017dbc      0x34b ./Middlewares/ST/STM32_USB_Device_Library/Class/CDC/Src/usbd_cdc.o
 .debug_macro   0x00018107       0x9e ./Middlewares/ST/STM32_USB_Device_Library/Class/CDC/Src/usbd_cdc.o
 .debug_macro   0x000181a5      0x10b ./Middlewares/ST/STM32_USB_Device_Library/Class/CDC/Src/usbd_cdc.o
 .debug_macro   0x000182b0       0x56 ./Middlewares/ST/STM32_USB_Device_Library/Class/CDC/Src/usbd_cdc.o
 .debug_macro   0x00018306      0x332 ./Middlewares/ST/STM32_USB_Device_Library/Core/Src/usbd_core.o
 .debug_macro   0x00018638      0x1ce ./Middlewares/ST/STM32_USB_Device_Library/Core/Src/usbd_core.o
 .debug_macro   0x00018806      0x33c ./Middlewares/ST/STM32_USB_Device_Library/Core/Src/usbd_ctlreq.o
 .debug_macro   0x00018b42      0x338 ./Middlewares/ST/STM32_USB_Device_Library/Core/Src/usbd_ioreq.o
 .debug_macro   0x00018e7a      0x371 ./USB_DEVICE/App/usb_device.o
 .debug_macro   0x000191eb       0x22 ./USB_DEVICE/App/usb_device.o
 .debug_macro   0x0001920d       0x16 ./USB_DEVICE/App/usb_device.o
 .debug_macro   0x00019223      0x356 ./USB_DEVICE/App/usbd_cdc_if.o
 .debug_macro   0x00019579      0x36f ./USB_DEVICE/App/usbd_desc.o
 .debug_macro   0x000198e8       0x1c ./USB_DEVICE/App/usbd_desc.o
 .debug_macro   0x00019904      0x355 ./USB_DEVICE/Target/usbd_conf.o

.debug_line     0x00000000    0x119ed
 .debug_line    0x00000000      0x6ac ./Core/Src/gpio.o
 .debug_line    0x000006ac      0xa95 ./Core/Src/main.o
 .debug_line    0x00001141      0x6b0 ./Core/Src/stm32f1xx_hal_msp.o
 .debug_line    0x000017f1      0x78a ./Core/Src/stm32f1xx_it.o
 .debug_line    0x00001f7b      0x51c ./Core/Src/sysmem.o
 .debug_line    0x00002497      0x72e ./Core/Src/system_stm32f1xx.o
 .debug_line    0x00002bc5      0x71f ./Core/Src/usart.o
 .debug_line    0x000032e4       0x78 ./Core/Startup/startup_stm32f103c8tx.o
 .debug_line    0x0000335c      0x95b ./Drivers/STM32F1xx_HAL_Driver/Src/stm32f1xx_hal.o
 .debug_line    0x00003cb7      0xb47 ./Drivers/STM32F1xx_HAL_Driver/Src/stm32f1xx_hal_cortex.o
 .debug_line    0x000047fe      0x9f4 ./Drivers/STM32F1xx_HAL_Driver/Src/stm32f1xx_hal_gpio.o
 .debug_line    0x000051f2     0x13b6 ./Drivers/STM32F1xx_HAL_Driver/Src/stm32f1xx_hal_pcd.o
 .debug_line    0x000065a8      0x729 ./Drivers/STM32F1xx_HAL_Driver/Src/stm32f1xx_hal_pcd_ex.o
 .debug_line    0x00006cd1      0xd64 ./Drivers/STM32F1xx_HAL_Driver/Src/stm32f1xx_hal_rcc.o
 .debug_line    0x00007a35      0x8a5 ./Drivers/STM32F1xx_HAL_Driver/Src/stm32f1xx_hal_rcc_ex.o
 .debug_line    0x000082da     0x28a4 ./Drivers/STM32F1xx_HAL_Driver/Src/stm32f1xx_hal_uart.o
 .debug_line    0x0000ab7e     0x102c ./Drivers/STM32F1xx_HAL_Driver/Src/stm32f1xx_ll_usb.o
 .debug_line    0x0000bbaa      0xcb7 ./Middlewares/ST/STM32_USB_Device_Library/Class/CDC/Src/usbd_cdc.o
 .debug_line    0x0000c861      0xd33 ./Middlewares/ST/STM32_USB_Device_Library/Core/Src/usbd_core.o
 .debug_line    0x0000d594      0xf73 ./Middlewares/ST/STM32_USB_Device_Library/Core/Src/usbd_ctlreq.o
 .debug_line    0x0000e507      0x9c9 ./Middlewares/ST/STM32_USB_Device_Library/Core/Src/usbd_ioreq.o
 .debug_line    0x0000eed0      0x989 ./USB_DEVICE/App/usb_device.o
 .debug_line    0x0000f859      0x9d1 ./USB_DEVICE/App/usbd_cdc_if.o
 .debug_line    0x0001022a      0xa52 ./USB_DEVICE/App/usbd_desc.o
 .debug_line    0x00010c7c      0xd71 ./USB_DEVICE/Target/usbd_conf.o

.debug_str      0x00000000    0x8707b
 .debug_str     0x00000000    0x7ef4b ./Core/Src/gpio.o
                              0x7f27a (size before relaxing)
 .debug_str     0x0007ef4b     0x4b65 ./Core/Src/main.o
                              0x83e5f (size before relaxing)
 .debug_str     0x00083ab0       0x5a ./Core/Src/stm32f1xx_hal_msp.o
                              0x7f2a8 (size before relaxing)
 .debug_str     0x00083b0a      0x3cd ./Core/Src/stm32f1xx_it.o
                              0x7f67c (size before relaxing)
 .debug_str     0x00083ed7      0x4dc ./Core/Src/sysmem.o
                               0x606f (size before relaxing)
 .debug_str     0x000843b3       0x7e ./Core/Src/system_stm32f1xx.o
                              0x7f2d3 (size before relaxing)
 .debug_str     0x00084431       0xac ./Core/Src/usart.o
                              0x7f768 (size before relaxing)
 .debug_str     0x000844dd       0x44 ./Core/Startup/startup_stm32f103c8tx.o
                                 0x7a (size before relaxing)
 .debug_str     0x00084521      0x607 ./Drivers/STM32F1xx_HAL_Driver/Src/stm32f1xx_hal.o
                              0x7fa06 (size before relaxing)
 .debug_str     0x00084b28      0x293 ./Drivers/STM32F1xx_HAL_Driver/Src/stm32f1xx_hal_cortex.o
                              0x7f952 (size before relaxing)
 .debug_str     0x00084dbb      0x322 ./Drivers/STM32F1xx_HAL_Driver/Src/stm32f1xx_hal_gpio.o
                              0x7f659 (size before relaxing)
 .debug_str     0x000850dd      0x5bd ./Drivers/STM32F1xx_HAL_Driver/Src/stm32f1xx_hal_pcd.o
                              0x7fbe5 (size before relaxing)
 .debug_str     0x0008569a      0x170 ./Drivers/STM32F1xx_HAL_Driver/Src/stm32f1xx_hal_pcd_ex.o
                              0x7f747 (size before relaxing)
 .debug_str     0x0008580a      0x229 ./Drivers/STM32F1xx_HAL_Driver/Src/stm32f1xx_hal_rcc.o
                              0x7f702 (size before relaxing)
 .debug_str     0x00085a33       0x9f ./Drivers/STM32F1xx_HAL_Driver/Src/stm32f1xx_hal_rcc_ex.o
                              0x7f452 (size before relaxing)
 .debug_str     0x00085ad2      0x64d ./Drivers/STM32F1xx_HAL_Driver/Src/stm32f1xx_hal_uart.o
                              0x7fd73 (size before relaxing)
 .debug_str     0x0008611f      0x129 ./Drivers/STM32F1xx_HAL_Driver/Src/stm32f1xx_ll_usb.o
                              0x7f799 (size before relaxing)
 .debug_str     0x00086248      0x635 ./Middlewares/ST/STM32_USB_Device_Library/Class/CDC/Src/usbd_cdc.o
                              0x84191 (size before relaxing)
 .debug_str     0x0008687d      0x281 ./Middlewares/ST/STM32_USB_Device_Library/Core/Src/usbd_core.o
                              0x83acc (size before relaxing)
 .debug_str     0x00086afe      0x120 ./Middlewares/ST/STM32_USB_Device_Library/Core/Src/usbd_ctlreq.o
                              0x839e6 (size before relaxing)
 .debug_str     0x00086c1e       0x51 ./Middlewares/ST/STM32_USB_Device_Library/Core/Src/usbd_ioreq.o
                              0x83913 (size before relaxing)
 .debug_str     0x00086c6f       0xc6 ./USB_DEVICE/App/usb_device.o
                              0x83c9e (size before relaxing)
 .debug_str     0x00086d35       0x76 ./USB_DEVICE/App/usbd_cdc_if.o
                              0x83cc4 (size before relaxing)
 .debug_str     0x00086dab      0x258 ./USB_DEVICE/App/usbd_desc.o
                              0x8384f (size before relaxing)
 .debug_str     0x00087003       0x78 ./USB_DEVICE/Target/usbd_conf.o
                              0x8471e (size before relaxing)

.comment        0x00000000       0x43
 .comment       0x00000000       0x43 ./Core/Src/gpio.o
                                 0x44 (size before relaxing)
 .comment       0x00000043       0x44 ./Core/Src/main.o
 .comment       0x00000043       0x44 ./Core/Src/stm32f1xx_hal_msp.o
 .comment       0x00000043       0x44 ./Core/Src/stm32f1xx_it.o
 .comment       0x00000043       0x44 ./Core/Src/sysmem.o
 .comment       0x00000043       0x44 ./Core/Src/system_stm32f1xx.o
 .comment       0x00000043       0x44 ./Core/Src/usart.o
 .comment       0x00000043       0x44 ./Drivers/STM32F1xx_HAL_Driver/Src/stm32f1xx_hal.o
 .comment       0x00000043       0x44 ./Drivers/STM32F1xx_HAL_Driver/Src/stm32f1xx_hal_cortex.o
 .comment       0x00000043       0x44 ./Drivers/STM32F1xx_HAL_Driver/Src/stm32f1xx_hal_gpio.o
 .comment       0x00000043       0x44 ./Drivers/STM32F1xx_HAL_Driver/Src/stm32f1xx_hal_pcd.o
 .comment       0x00000043       0x44 ./Drivers/STM32F1xx_HAL_Driver/Src/stm32f1xx_hal_pcd_ex.o
 .comment       0x00000043       0x44 ./Drivers/STM32F1xx_HAL_Driver/Src/stm32f1xx_hal_rcc.o
 .comment       0x00000043       0x44 ./Drivers/STM32F1xx_HAL_Driver/Src/stm32f1xx_hal_rcc_ex.o
 .comment       0x00000043       0x44 ./Drivers/STM32F1xx_HAL_Driver/Src/stm32f1xx_hal_uart.o
 .comment       0x00000043       0x44 ./Drivers/STM32F1xx_HAL_Driver/Src/stm32f1xx_ll_usb.o
 .comment       0x00000043       0x44 ./Middlewares/ST/STM32_USB_Device_Library/Class/CDC/Src/usbd_cdc.o
 .comment       0x00000043       0x44 ./Middlewares/ST/STM32_USB_Device_Library/Core/Src/usbd_core.o
 .comment       0x00000043       0x44 ./Middlewares/ST/STM32_USB_Device_Library/Core/Src/usbd_ctlreq.o
 .comment       0x00000043       0x44 ./Middlewares/ST/STM32_USB_Device_Library/Core/Src/usbd_ioreq.o
 .comment       0x00000043       0x44 ./USB_DEVICE/App/usb_device.o
 .comment       0x00000043       0x44 ./USB_DEVICE/App/usbd_cdc_if.o
 .comment       0x00000043       0x44 ./USB_DEVICE/App/usbd_desc.o
 .comment       0x00000043       0x44 ./USB_DEVICE/Target/usbd_conf.o

.debug_frame    0x00000000     0x376c
 .debug_frame   0x00000000       0x38 ./Core/Src/gpio.o
 .debug_frame   0x00000038       0x90 ./Core/Src/main.o
 .debug_frame   0x000000c8       0x38 ./Core/Src/stm32f1xx_hal_msp.o
 .debug_frame   0x00000100      0x120 ./Core/Src/stm32f1xx_it.o
 .debug_frame   0x00000220       0x34 ./Core/Src/sysmem.o
 .debug_frame   0x00000254       0x58 ./Core/Src/system_stm32f1xx.o
 .debug_frame   0x000002ac       0x74 ./Core/Src/usart.o
 .debug_frame   0x00000320      0x334 ./Drivers/STM32F1xx_HAL_Driver/Src/stm32f1xx_hal.o
 .debug_frame   0x00000654      0x428 ./Drivers/STM32F1xx_HAL_Driver/Src/stm32f1xx_hal_cortex.o
 .debug_frame   0x00000a7c      0x14c ./Drivers/STM32F1xx_HAL_Driver/Src/stm32f1xx_hal_gpio.o
 .debug_frame   0x00000bc8      0x59c ./Drivers/STM32F1xx_HAL_Driver/Src/stm32f1xx_hal_pcd.o
 .debug_frame   0x00001164       0xb0 ./Drivers/STM32F1xx_HAL_Driver/Src/stm32f1xx_hal_pcd_ex.o
 .debug_frame   0x00001214      0x218 ./Drivers/STM32F1xx_HAL_Driver/Src/stm32f1xx_hal_rcc.o